\BOOKMARK [1][-]{section.1}{\376\377\000A\000\040\000k\000l\000a\000s\000s\000z\000i\000k\000u\000s\000\040\000m\000e\000c\000h\000a\000n\000i\000k\000a\000\040\000a\000l\000a\000p\000j\000a\000i}{}% 1
\BOOKMARK [2][-]{subsection.1.1}{\376\377\000K\000i\000n\000e\000m\000a\000t\000i\000k\000a\000i\000\040\000a\000l\000a\000p\000f\000o\000g\000a\000l\000m\000a\000k}{section.1}% 2
\BOOKMARK [2][-]{subsection.1.2}{\376\377\000m\000o\000z\000g\000\341\000s\000\040\000l\000e\000\355\000r\000\341\000s\000a\000\040\000k\000\374\000l\000\366\000n\000b\000\366\000z\001\121\000\040\000k\000o\000o\000r\000d\000i\000n\000\341\000t\000a\000-\000r\000e\000n\000d\000s\000z\000e\000r\000e\000k\000b\000e\000n}{section.1}% 3
\BOOKMARK [3][-]{subsubsection.1.2.1}{\376\377\000t\000e\000r\000m\000\351\000s\000z\000e\000t\000e\000s\000\040\000k\000o\000o\000r\000d\000i\000n\000\341\000t\000a\000-\000r\000e\000n\000d\000s\000z\000e\000r}{subsection.1.2}% 4
\BOOKMARK [2][-]{subsection.1.3}{\376\377\000N\000e\000w\000t\000o\000n\000-\000t\000\366\000r\000v\000\351\000n\000y\000e\000k\000,\000\040\000m\000o\000z\000g\000\341\000s\000e\000g\000y\000e\000n\000l\000e\000t\000,\000\040\000t\000e\000h\000e\000t\000e\000t\000l\000e\000n\000\040\000\351\000s\000\040\000s\000\372\000l\000y\000o\000s\000\040\000t\000\366\000m\000e\000g}{section.1}% 5
\BOOKMARK [3][-]{subsubsection.1.3.1}{\376\377\000m\000o\000z\000g\000\341\000s\000e\000g\000y\000e\000n\000l\000e\000t}{subsection.1.3}% 6
\BOOKMARK [3][-]{subsubsection.1.3.2}{\376\377\000t\000e\000h\000e\000t\000e\000t\000l\000e\000n\000\040\000\351\000s\000\040\000s\000\372\000l\000y\000o\000s\000\040\000t\000\366\000m\000e\000g}{subsection.1.3}% 7
\BOOKMARK [2][-]{subsection.1.4}{\376\377\000G\000y\000o\000r\000s\000u\000l\000\363\000\040\000k\000o\000o\000r\000d\000i\000n\000\341\000t\000a\000-\000r\000e\000n\000d\000s\000z\000e\000r\000e\000k\000,\000\040\000j\000e\000l\000e\000n\000s\000\351\000g\000e\000k\000\040\000a\000\040\000f\000o\000r\000g\000\363\000\040\000f\000\366\000l\000d\000\366\000n}{section.1}% 8
\BOOKMARK [3][-]{subsubsection.1.4.1}{\376\377\000g\000y\000o\000r\000s\000u\000l\000\363\000\040\000k\000o\000o\000r\000d\000i\000n\000\341\000t\000a\000-\000r\000e\000n\000d\000s\000z\000e\000r\000e\000k}{subsection.1.4}% 9
\BOOKMARK [3][-]{subsubsection.1.4.2}{\376\377\000j\000e\000l\000e\000n\000s\000\351\000g\000e\000k\000\040\000a\000\040\000f\000o\000r\000g\000\363\000\040\000f\000\366\000l\000d\000\366\000n}{subsection.1.4}% 10
\BOOKMARK [2][-]{subsection.1.5}{\376\377\000M\000u\000n\000k\000a\000t\000\351\000t\000e\000l\000,\000\040\000E\000n\000e\000r\000g\000i\000a\000-\000,\000\040\000i\000m\000p\000u\000l\000z\000u\000s\000-\000\040\000\351\000s\000\040\000i\000m\000p\000u\000l\000z\000u\000s\000m\000o\000m\000e\000n\000t\000u\000m\000\040\000m\000e\000g\000m\000a\000r\000a\000d\000\341\000s\000\040\000t\000\366\000m\000e\000g\000p\000o\000n\000t\000r\000a}{section.1}% 11
\BOOKMARK [3][-]{subsubsection.1.5.1}{\376\377\000E\000r\001\121\000t\000e\000r\000e\000k}{subsection.1.5}% 12
\BOOKMARK [3][-]{subsubsection.1.5.2}{\376\377\000K\000o\000n\000z\000e\000r\000v\000a\000t\000\355\000v\000\040\000e\000r\001\121\000t\000\351\000r}{subsection.1.5}% 13
\BOOKMARK [3][-]{subsubsection.1.5.3}{\376\377\000I\000m\000p\000u\000l\000z\000u\000s}{subsection.1.5}% 14
\BOOKMARK [3][-]{subsubsection.1.5.4}{\376\377\000I\000m\000p\000u\000l\000z\000u\000s\000m\000o\000m\000e\000n\000t\000u\000m}{subsection.1.5}% 15
\BOOKMARK [2][-]{subsection.1.6}{\376\377\000P\000o\000n\000t\000r\000e\000n\000d\000s\000z\000e\000r\000e\000k}{section.1}% 16
\BOOKMARK [3][-]{subsubsection.1.6.1}{\376\377\000f\000o\000r\000g\000\341\000s}{subsection.1.6}% 17
\BOOKMARK [2][-]{subsection.1.7}{\376\377\000M\000e\000r\000e\000v\000\040\000t\000e\000s\000t\000e\000k\000\040\000e\000g\000y\000e\000n\000s\000\372\000l\000y\000f\000e\000l\000t\000\351\000t\000e\000l\000e\000,\000\040\000t\000e\000h\000e\000t\000e\000t\000l\000e\000n\000s\000\351\000g\000i\000\040\000t\000e\000n\000z\000o\000r\000,\000\040\000p\000\366\000r\000g\000e\000t\000t\000y\001\161\000k}{section.1}% 18
\BOOKMARK [3][-]{subsubsection.1.7.1}{\376\377\000M\000e\000r\000e\000v\000\040\000t\000e\000s\000t\000\040\000e\000g\000y\000e\000n\000s\000\372\000l\000y\000f\000e\000l\000t\000\351\000t\000e\000l\000e}{subsection.1.7}% 19
\BOOKMARK [3][-]{subsubsection.1.7.2}{\376\377\000T\000e\000h\000e\000t\000e\000t\000l\000e\000n\000s\000\351\000g\000i\000\040\000t\000e\000n\000z\000o\000r}{subsection.1.7}% 20
\BOOKMARK [3][-]{subsubsection.1.7.3}{\376\377\000p\000\366\000r\000g\000e\000t\000t\000y\001\161\000k}{subsection.1.7}% 21
\BOOKMARK [3][-]{subsubsection.1.7.4}{\376\377\000E\000n\000e\000r\000g\000i\000a\000,\000\040\000i\000m\000p\000u\000l\000z\000u\000s\000\040\000\351\000s\000\040\000i\000m\000p\000u\000l\000z\000u\000s\000m\000o\000m\000e\000n\000t\000u\000m\000\040\000m\000e\000g\000m\000a\000r\000a\000d\000\341\000s\000\040\000m\000e\000r\000e\000v\000\040\000t\000e\000s\000t\000e\000k\000\040\000e\000s\000e\000t\000\351\000n}{subsection.1.7}% 22
\BOOKMARK [2][-]{subsection.1.8}{\376\377\000G\000a\000l\000i\000l\000e\000i\000-\000,\000\040\000L\000o\000r\000e\000n\000t\000z\000-\000t\000r\000a\000n\000s\000z\000f\000o\000r\000m\000\341\000c\000i\000\363\000,\000\040\000r\000e\000l\000a\000t\000i\000v\000i\000s\000z\000t\000i\000k\000u\000s\000\040\000k\000i\000n\000e\000m\000a\000t\000i\000k\000a\000,\000\040\000r\000e\000l\000a\000t\000i\000v\000i\000s\000z\000t\000i\000k\000u\000s\000\040\000d\000i\000n\000a\000m\000i\000k\000a\000.\000\040\000N\000\351\000g\000y\000e\000s\000i\000m\000p\000u\000l\000z\000u\000s\000.}{section.1}% 23
\BOOKMARK [3][-]{subsubsection.1.8.1}{\376\377\000R\000e\000l\000a\000t\000i\000v\000i\000t\000\341\000s\000\040\000e\000l\000v\000e}{subsection.1.8}% 24
\BOOKMARK [3][-]{subsubsection.1.8.2}{\376\377\000G\000a\000l\000i\000l\000e\000i\000\040\000t\000r\000a\000n\000s\000z\000f\000o\000r\000m\000\341\000c\000i\000\363}{subsection.1.8}% 25
\BOOKMARK [3][-]{subsubsection.1.8.3}{\376\377\000L\000o\000r\000e\000n\000t\000z\000\040\000t\000r\000a\000n\000s\000z\000f\000o\000r\000m\000\341\000c\000i\000\363}{subsection.1.8}% 26
\BOOKMARK [2][-]{subsection.1.9}{\376\377\000R\000e\000l\000a\000t\000i\000v\000i\000s\000z\000t\000i\000k\000u\000s\000\040\000k\000i\000n\000e\000m\000a\000t\000i\000k\000a}{section.1}% 27
\BOOKMARK [2][-]{subsection.1.10}{\376\377\000R\000e\000l\000a\000t\000i\000v\000i\000s\000z\000t\000i\000k\000u\000s\000\040\000d\000i\000n\000a\000m\000i\000k\000a\000.\000\040\000N\000\351\000g\000y\000e\000s\000i\000m\000p\000u\000l\000z\000u\000s\000.}{section.1}% 28
\BOOKMARK [1][-]{section.2}{\376\377\000A\000\040\000k\000l\000a\000s\000s\000z\000i\000k\000u\000s\000\040\000m\000e\000c\000h\000a\000n\000i\000k\000a\000\040\000e\000l\000v\000e\000i\000\040\000s\000u\000s\000s\000k\000i\000n\000d}{}% 29
\BOOKMARK [2][-]{subsection.2.1}{\376\377\000B\000e\000v\000e\000z\000e\000t\001\121}{section.2}% 30
\BOOKMARK [2][-]{subsection.2.2}{\376\377\000V\000i\000r\000t\000u\000\341\000l\000i\000s\000\040\000m\000u\000n\000k\000a\000\040\000e\000l\000v\000e\000,\000\040\000H\000a\000m\000i\000l\000t\000o\000n\000-\000e\000l\000v\000.\000\040\000L\000e\000g\000k\000i\000s\000e\000b\000b\000\040\000h\000a\000t\000\341\000s\000\040\000e\000l\000v\000e\000.}{section.2}% 31
\BOOKMARK [3][-]{subsubsection.2.2.1}{\376\377\000V\000i\000r\000t\000u\000\341\000l\000i\000s\000\040\000m\000u\000n\000k\000a\000\040\000e\000l\000v\000e}{subsection.2.2}% 32
\BOOKMARK [3][-]{subsubsection.2.2.2}{\376\377\000H\000a\000m\000i\000l\000t\000o\000n\000-\000e\000l\000v\000,\000\040\000L\000e\000g\000k\000i\000s\000e\000b\000b\000\040\000h\000a\000t\000\341\000s\000\040\000e\000l\000v\000e}{subsection.2.2}% 33
\BOOKMARK [3][-]{subsubsection.2.2.3}{\376\377\000L\000a\000g\000r\000a\000n\000g\000e\000-\000f\000\351\000l\000e\000\040\000e\000l\000s\001\121\000f\000a\000j\000\372\000\040\000\351\000s\000\040\000m\000\341\000s\000o\000d\000f\000a\000j\000\372\000\040\000e\000g\000y\000e\000n\000l\000e\000t\000e\000k}{subsection.2.2}% 34
\BOOKMARK [2][-]{subsection.2.3}{\376\377\000S\000z\000i\000m\000m\000e\000t\000r\000i\000\341\000k\000\040\000\351\000s\000\040\000m\000e\000g\000m\000a\000r\000a\000d\000\341\000s\000i\000\040\000t\000\351\000t\000e\000l\000e\000k}{section.2}% 35
\BOOKMARK [2][-]{subsection.2.4}{\376\377\000S\000z\000i\000m\000m\000e\000t\000r\000i\000\341\000k\000\040\000\341\000l\000t\000a\000l\000\341\000n\000o\000s\000a\000n}{section.2}% 36
\BOOKMARK [2][-]{subsection.2.5}{\376\377\000H\000a\000m\000i\000l\000t\000o\000n\000\040\000f\000\374\000g\000g\000v\000\351\000n\000y\000,\000\040\000k\000a\000n\000o\000n\000i\000k\000u\000s\000\040\000e\000g\000y\000e\000n\000l\000e\000t\000e\000k\000,\000\040\000k\000a\000n\000o\000n\000i\000k\000u\000s\000\040\000t\000r\000a\000n\000s\000z\000f\000o\000r\000m\000\341\000c\000i\000\363\000k}{section.2}% 37
\BOOKMARK [3][-]{subsubsection.2.5.1}{\376\377\000C\000i\000k\000l\000i\000k\000u\000s\000\040\000k\000o\000o\000r\000d\000i\000n\000\341\000t\000\341\000k\000,\000\040\000K\000a\000n\000o\000n\000i\000k\000u\000s\000\040\000t\000r\000a\000n\000s\000z\000f\000o\000r\000m\000\341\000c\000i\000\363\000k}{subsection.2.5}% 38
\BOOKMARK [1][-]{section.3}{\376\377\000E\000g\000z\000a\000k\000t\000u\000l\000\040\000m\000e\000g\000o\000l\000d\000h\000a\000t\000\363\000\040\000F\000i\000z\000i\000k\000a\000i\000\040\000p\000r\000o\000b\000l\000\351\000m\000\341\000k}{}% 39
\BOOKMARK [2][-]{subsection.3.1}{\376\377\000C\000s\000i\000l\000l\000a\000p\000\355\000t\000o\000t\000t\000\040\000\351\000s\000\040\000k\000\351\000n\000y\000s\000z\000e\000r\000r\000e\000z\000g\000\351\000s\000e\000k\000,\000\040\000c\000s\000a\000t\000o\000l\000t\000\040\000r\000e\000z\000g\000\351\000s\000e\000k\000,\000\040\000l\000i\000n\000e\000\341\000r\000i\000s\000\040\000l\000\341\000n\000c}{section.3}% 40
\BOOKMARK [3][-]{subsubsection.3.1.1}{\376\377\000C\000s\000i\000l\000l\000a\000p\000\355\000t\000o\000t\000t\000\040\000r\000e\000z\000g\000\351\000s}{subsection.3.1}% 41
\BOOKMARK [3][-]{subsubsection.3.1.2}{\376\377\000k\000\351\000n\000y\000s\000z\000e\000r\000r\000e\000z\000g\000\351\000s\000e\000k}{subsection.3.1}% 42
\BOOKMARK [3][-]{subsubsection.3.1.3}{\376\377\000C\000s\000a\000t\000o\000l\000t\000\040\000r\000e\000z\000g\000\351\000s\000e\000k}{subsection.3.1}% 43
\BOOKMARK [3][-]{subsubsection.3.1.4}{\376\377\000L\000i\000n\000e\000\341\000r\000i\000s\000\040\000l\000\341\000n\000c}{subsection.3.1}% 44
\BOOKMARK [2][-]{subsection.3.2}{\376\377\000K\000e\000p\000l\000e\000r\000-\000P\000r\000o\000b\000l\000\351\000m\000a\000,\000\040\000b\000o\000l\000y\000g\000\363\000m\000o\000z\000g\000\341\000s}{section.3}% 45
\BOOKMARK [3][-]{subsubsection.3.2.1}{\376\377\000K\000e\000p\000l\000e\000r\000-\000p\000r\000o\000b\000l\000\351\000m\000a\000\040\000m\000e\000g\000o\000l\000d\000\341\000s\000a}{subsection.3.2}% 46
\BOOKMARK [2][-]{subsection.3.3}{\376\377\000K\000v\000a\000n\000t\000u\000m\000m\000e\000c\000h\000a\000n\000i\000k\000a\000i\000\040\000p\000r\000o\000b\000l\000\351\000m\000\341\000k}{section.3}% 47
\BOOKMARK [3][-]{subsubsection.3.3.1}{\376\377\000P\000o\000t\000e\000n\000c\000i\000\341\000l\000v\000\366\000l\000g\000y}{subsection.3.3}% 48
\BOOKMARK [3][-]{subsubsection.3.3.2}{\376\377\000O\000s\000z\000c\000i\000l\000l\000\341\000t\000o\000r}{subsection.3.3}% 49
\BOOKMARK [3][-]{subsubsection.3.3.3}{\376\377\000R\000o\000t\000\341\000t\000o\000r}{subsection.3.3}% 50
\BOOKMARK [3][-]{subsubsection.3.3.4}{\376\377\000A\000\040\000H\000i\000d\000r\000o\000g\000\351\000n\000a\000t\000o\000m}{subsection.3.3}% 51
\BOOKMARK [1][-]{section.4}{\376\377\000F\000o\000l\000y\000t\000o\000n\000o\000s\000\040\000k\000\366\000z\000e\000g\000e\000k\000\040\000m\000e\000c\000h\000a\000n\000i\000k\000\341\000j\000a}{}% 52
\BOOKMARK [2][-]{subsection.4.1}{\376\377\000R\000u\000g\000a\000l\000m\000a\000s\000\040\000\351\000s\000\040\000k\000\351\000p\000l\000\351\000k\000e\000n\000y\000\040\000a\000l\000a\000k\000v\000\341\000l\000t\000o\000z\000\341\000s\000o\000k\000,\000\040\000H\000o\000o\000k\000e\000-\000t\000\366\000r\000v\000\351\000n\000y\000,\000\040\000s\000p\000e\000c\000i\000\341\000l\000i\000s\000\040\000d\000e\000f\000o\000r\000m\000\341\000c\000i\000\363\000k}{section.4}% 53
\BOOKMARK [3][-]{subsubsection.4.1.1}{\376\377\000S\000p\000e\000c\000i\000\341\000l\000i\000s\000\040\000d\000e\000f\000o\000r\000m\000\341\000c\000i\000\363\000k}{subsection.4.1}% 54
\BOOKMARK [2][-]{subsection.4.2}{\376\377\000A\000\040\000d\000e\000f\000o\000r\000m\000\341\000c\000i\000\363\000\040\000j\000e\000l\000l\000e\000m\000z\000\351\000s\000e\000,\000\040\000f\000e\000s\000z\000\374\000l\000t\000s\000\351\000g\000-\000\040\000\351\000s\000\040\000d\000e\000f\000o\000r\000m\000\341\000c\000i\000\363\000s\000\040\000t\000e\000n\000z\000o\000r}{section.4}% 55
\BOOKMARK [2][-]{subsection.4.3}{\376\377\000F\000o\000l\000y\000a\000d\000\351\000k\000o\000k\000\040\000t\000u\000l\000a\000j\000d\000o\000n\000s\000\341\000g\000a\000i\000,\000\040\000h\000i\000d\000r\000o\000s\000z\000t\000a\000t\000i\000k\000a\000,\000\040\000f\000e\000l\000\374\000l\000e\000t\000i\000\040\000f\000e\000s\000z\000\374\000l\000t\000s\000\351\000g\000,\000\040\000g\000\366\000r\000b\000\374\000l\000e\000t\000i\000\040\000n\000y\000o\000m\000\341\000s\000,\000\040\000f\000e\000l\000h\000a\000j\000t\000\363\000e\000r\001\121}{section.4}% 56
\BOOKMARK [2][-]{subsection.4.4}{\376\377\000\301\000r\000a\000m\000l\000\341\000s\000o\000k\000\040\000j\000e\000l\000l\000e\000m\000z\000\351\000s\000e\000,\000\040\000B\000e\000r\000n\000o\000u\000l\000l\000i\000-\000e\000g\000y\000e\000n\000l\000e\000t\000,\000\040\000t\000\366\000k\000\351\000l\000e\000t\000e\000s\000\040\000f\000o\000l\000y\000a\000d\000\351\000k\000\040\000\341\000r\000a\000m\000l\000\341\000s\000a\000,\000\040\000E\000u\000l\000e\000r\000-\000e\000g\000y\000e\000n\000l\000e\000t\000e\000k}{section.4}% 57
\BOOKMARK [2][-]{subsection.4.5}{\376\377\000V\000i\000s\000z\000k\000\363\000z\000u\000s\000\040\000f\000o\000l\000y\000a\000d\000\351\000k\000\040\000\341\000r\000a\000m\000l\000\341\000s\000a\000,\000\040\000\366\000r\000v\000\351\000n\000y\000e\000k\000,\000\040\000t\000u\000r\000b\000u\000l\000e\000n\000c\000i\000a\000,\000\040\000R\000e\000y\000n\000o\000l\000d\000s\000-\000s\000z\000\341\000m}{section.4}% 58
\BOOKMARK [1][-]{section.5}{\376\377\000F\000e\000n\000o\000m\000e\000n\000o\000l\000o\000g\000i\000k\000u\000s\000\040\000t\000e\000r\000m\000o\000d\000i\000n\000a\000m\000i\000k\000a}{}% 59
\BOOKMARK [2][-]{subsection.5.1}{\376\377\000T\000e\000r\000m\000o\000d\000i\000n\000a\000m\000i\000k\000a\000i\000\040\000\341\000l\000l\000a\000p\000o\000t\000j\000e\000l\000z\001\121\000k\000,\000\040\000h\001\121\000t\000\341\000g\000u\000l\000\341\000s\000,\000\040\000i\000d\000e\000\341\000l\000i\000s\000\040\000g\000\341\000z\000,\000\040\000k\000i\000n\000e\000t\000i\000k\000u\000s\000\040\000m\000o\000d\000e\000l\000l}{section.5}% 60
\BOOKMARK [3][-]{subsubsection.5.1.1}{\376\377\000T\000e\000r\000m\000o\000d\000i\000n\000a\000m\000i\000k\000a\000i\000\040\000\341\000l\000l\000a\000p\000o\000t\000j\000e\000l\000z\001\121\000k}{subsection.5.1}% 61
\BOOKMARK [3][-]{subsubsection.5.1.2}{\376\377\000H\001\121\000t\000\341\000g\000u\000l\000\341\000s\000,\000\040\000K\000o\000m\000p\000r\000e\000s\000s\000z\000i\000b\000i\000l\000i\000t\000\341\000s\000,\000\040\000F\000e\000s\000z\000\374\000l\000t\000s\000\351\000g}{subsection.5.1}% 62
\BOOKMARK [3][-]{subsubsection.5.1.3}{\376\377\000K\000i\000n\000e\000t\000i\000k\000u\000s\000\040\000G\000\341\000z\000e\000l\000m\000\351\000l\000e\000t\000\040\000-\000\040\000K\000i\000n\000e\000t\000i\000k\000u\000s\000\040\000m\000o\000d\000e\000l\000l}{subsection.5.1}% 63
\BOOKMARK [2][-]{subsection.5.2}{\376\377\000N\000y\000\355\000l\000t\000\040\000\351\000s\000\040\000z\000\341\000r\000t\000\040\000f\000o\000l\000y\000a\000m\000a\000t\000o\000k\000,\000\040\000C\000a\000r\000n\000o\000t\000-\000f\000o\000l\000y\000a\000m\000a\000t\000,\000\040\000F\001\121\000t\000\351\000t\000e\000l\000e\000k}{section.5}% 64
\BOOKMARK [3][-]{subsubsection.5.2.1}{\376\377\000T\000e\000m\000o\000d\000i\000n\000a\000m\000i\000k\000a\000\040\000I\000.\000\040\000f\001\121\000t\000\351\000t\000e\000l\000e}{subsection.5.2}% 65
\BOOKMARK [3][-]{subsubsection.5.2.2}{\376\377\000T\000e\000r\000m\000o\000d\000i\000n\000a\000m\000i\000k\000a\000i\000\040\000f\000o\000l\000y\000a\000m\000a\000t\000o\000k}{subsection.5.2}% 66
\BOOKMARK [3][-]{subsubsection.5.2.3}{\376\377\000A\000d\000i\000a\000b\000a\000t\000i\000k\000u\000s\000\040\000f\000o\000l\000y\000a\000m\000a\000t\000o\000k}{subsection.5.2}% 67
\BOOKMARK [3][-]{subsubsection.5.2.4}{\376\377\000P\000o\000l\000i\000t\000r\000o\000p\000\040\000f\000o\000l\000y\000a\000m\000a\000t\000o\000k}{subsection.5.2}% 68
\BOOKMARK [3][-]{subsubsection.5.2.5}{\376\377\000K\000\366\000r\000f\000o\000l\000y\000a\000m\000a\000t\000o\000k\000,\000\040\000i\000r\000r\000e\000v\000e\000r\000z\000i\000b\000i\000l\000i\000t\000\341\000s}{subsection.5.2}% 69
\BOOKMARK [3][-]{subsubsection.5.2.6}{\376\377\000E\000n\000t\000r\000\363\000p\000i\000a\000,\000\040\000F\001\121\000t\000\351\000t\000e\000l\000e\000k\000\040\000e\000g\000y\000e\000s\000\355\000t\000e\000t\000t\000\040\000a\000l\000a\000k\000j\000a}{subsection.5.2}% 70
\BOOKMARK [2][-]{subsection.5.3}{\376\377\000K\000\351\000m\000i\000a\000i\000\040\000P\000o\000t\000e\000n\000c\000i\000\341\000l}{section.5}% 71
\BOOKMARK [2][-]{subsection.5.4}{\376\377\000T\000e\000r\000m\000o\000d\000i\000n\000a\000m\000i\000k\000a\000i\000\040\000p\000o\000t\000e\000n\000c\000i\000\341\000l\000o\000k}{section.5}% 72
\BOOKMARK [2][-]{subsection.5.5}{\376\377\000F\000u\000n\000d\000a\000m\000e\000n\000t\000\341\000l\000i\000s\000\040\000e\000g\000y\000e\000n\000l\000e\000t}{section.5}% 73
\BOOKMARK [3][-]{subsubsection.5.5.1}{\376\377\000\326\000s\000s\000z\000e\000t\000e\000t\000t\000\040\000r\000e\000n\000d\000s\000z\000e\000r\000e\000k\000\040\000e\000g\000y\000e\000n\000s\000\372\000l\000y\000i\000\040\000\341\000l\000l\000a\000p\000o\000t\000a}{subsection.5.5}% 74
\BOOKMARK [2][-]{subsection.5.6}{\376\377\000F\000\341\000z\000i\000s\000\341\000t\000a\000l\000a\000k\000u\000l\000\341\000s\000o\000k\000,\000\040\000F\000\341\000z\000i\000s\000\341\000t\000a\000l\000a\000k\000u\000l\000\341\000s\000o\000k\000\040\000j\000e\000l\000l\000e\000m\000z\001\121\000i\000,\000\040\000t\000\355\000p\000u\000s\000a\000i\000,\000\040\000G\000i\000b\000b\000s\000-\000f\000\351\000l\000e\000\040\000f\000\341\000z\000i\000s\000s\000z\000a\000b\000\341\000l\000y\000,\000\040\000f\000\341\000z\000i\000s\000d\000i\000a\000g\000r\000a\000m\000o\000k\000,\000\040\000f\000\341\000z\000i\000s\000e\000g\000y\000e\000n\000s\000\372\000l\000y\000o\000k}{section.5}% 75
\BOOKMARK [3][-]{subsubsection.5.6.1}{\376\377\000E\000g\000y\000k\000o\000m\000p\000o\000n\000e\000n\000s\001\161\000\040\000r\000e\000n\000d\000s\000z\000e\000r\000e\000k\000\040\000e\000g\000y\000e\000n\000s\000\372\000l\000y\000i\000\040\000\341\000l\000l\000a\000p\000o\000t\000a}{subsection.5.6}% 76
\BOOKMARK [3][-]{subsubsection.5.6.2}{\376\377\000F\000\341\000z\000i\000s\000\341\000t\000a\000l\000a\000k\000u\000l\000\341\000s\000o\000k\000,\000\040\000f\000\341\000z\000i\000s\000d\000i\000a\000g\000r\000a\000m\000o\000k}{subsection.5.6}% 77
\BOOKMARK [3][-]{subsubsection.5.6.3}{\376\377\000f\000o\000l\000y\000t\000o\000n\000o\000s\000\040\000f\000\341\000z\000i\000s\000\341\000t\000a\000l\000a\000k\000u\000l\000\341\000s\000o\000k\000,\000\040\000G\000i\000b\000b\000s\000-\000f\000\351\000l\000e\000\040\000f\000\341\000z\000i\000s\000s\000z\000a\000b\000\341\000l\000y}{subsection.5.6}% 78
\BOOKMARK [2][-]{subsection.5.7}{\376\377\000T\000e\000r\000m\000o\000d\000i\000n\000a\000m\000i\000k\000a\000\040\000I\000I\000I\000.\000\040\000F\001\121\000t\000\351\000t\000e\000l\000e}{section.5}% 79
\BOOKMARK [1][-]{section.6}{\376\377\000E\000l\000e\000k\000t\000r\000o\000-\000\040\000\351\000s\000\040\000m\000a\000g\000n\000e\000t\000o\000s\000z\000t\000a\000t\000i\000k\000a\000,\000\040\000\341\000r\000a\000m\000k\000\366\000r\000\366\000k\000\040\000e\000l\000e\000c\000t\000r\000o\000i\000n\000t\000r\000o}{}% 80
\BOOKMARK [2][-]{subsection.6.1}{\376\377\000B\000e\000v\000e\000z\000e\000t\000\351\000s}{section.6}% 81
\BOOKMARK [3][-]{subsubsection.6.1.1}{\376\377\000a\000\040\000n\000\351\000g\000y\000\040\000f\000u\000n\000d\000a\000m\000e\000n\000t\000\341\000l\000i\000s\000\040\000e\000r\001\121}{subsection.6.1}% 82
\BOOKMARK [3][-]{subsubsection.6.1.2}{\376\377\000e\000l\000e\000k\000t\000r\000o\000d\000i\000n\000a\000m\000i\000k\000a\000\040\000\351\000s\000\040\000t\000\351\000r\000e\000l\000m\000\351\000l\000e\000t}{subsection.6.1}% 83
\BOOKMARK [3][-]{subsubsection.6.1.3}{\376\377\000A\000\040\000t\000\366\000l\000t\000\351\000s}{subsection.6.1}% 84
\BOOKMARK [2][-]{subsection.6.2}{\376\377\000C\000o\000u\000l\000o\000m\000b\000-\000\040\000\351\000s\000\040\000G\000a\000u\000s\000s\000-\000t\000\366\000r\000v\000\351\000n\000y\000,\000\040\000s\000z\000u\000p\000e\000r\000p\000o\000z\000\355\000c\000i\000\363\000\040\000e\000l\000v\000e}{section.6}% 85
\BOOKMARK [3][-]{subsubsection.6.2.1}{\376\377\000s\000z\000u\000p\000e\000r\000p\000o\000z\000\355\000c\000i\000\363}{subsection.6.2}% 86
\BOOKMARK [3][-]{subsubsection.6.2.2}{\376\377\000G\000a\000u\000s\000s\000-\000t\000\366\000r\000v\000\351\000n\000y}{subsection.6.2}% 87
\BOOKMARK [3][-]{subsubsection.6.2.3}{\376\377\000E\000l\000e\000k\000t\000r\000o\000m\000o\000s\000\040\000t\000\351\000r\000\040\000r\000o\000t\000\341\000c\000i\000\363\000j\000a}{subsection.6.2}% 88
\BOOKMARK [3][-]{subsubsection.6.2.4}{\376\377\000E\000l\000e\000k\000t\000r\000o\000m\000o\000s\000\040\000p\000o\000t\000e\000n\000c\000i\000\341\000l}{subsection.6.2}% 89
\BOOKMARK [3][-]{subsubsection.6.2.5}{\376\377\000P\000o\000i\000s\000s\000o\000n\000\040\000\351\000s\000\040\000L\000a\000p\000l\000a\000c\000e\000\040\000e\000g\000y\000e\000n\000l\000e\000t\000e\000k}{subsection.6.2}% 90
\BOOKMARK [3][-]{subsubsection.6.2.6}{\376\377\000E\000l\000e\000k\000t\000r\000o\000m\000o\000s\000\040\000t\000\351\000r\000\040\000m\000u\000n\000k\000a\000v\000\351\000g\000z\000\351\000s\000e}{subsection.6.2}% 91
\BOOKMARK [2][-]{subsection.6.3}{\376\377\000V\000e\000z\000e\000t\001\121\000k\000,\000\040\000s\000z\000i\000g\000e\000t\000e\000l\001\121\000k\000,\000\040\000d\000i\000e\000l\000e\000k\000t\000r\000o\000m\000o\000s\000\040\000p\000o\000l\000a\000r\000i\000z\000\341\000c\000i\000\363\000.\000\040\000K\000o\000n\000d\000e\000n\000z\000\341\000t\000o\000r}{section.6}% 92
\BOOKMARK [3][-]{subsubsection.6.3.1}{\376\377\000V\000e\000z\000e\000t\001\121\000k\000\040\000\351\000s\000\040\000s\000z\000i\000g\000e\000t\000e\000l\001\121\000k}{subsection.6.3}% 93
\BOOKMARK [3][-]{subsubsection.6.3.2}{\376\377\000K\000e\000l\000t\000e\000t\000t\000\040\000t\000\366\000l\000t\000\351\000s\000\040\000v\000e\000z\000e\000t\001\121\000k\000b\000e\000n}{subsection.6.3}% 94
\BOOKMARK [3][-]{subsubsection.6.3.3}{\376\377\000K\000o\000n\000d\000e\000n\000z\000\341\000t\000o\000r}{subsection.6.3}% 95
\BOOKMARK [3][-]{subsubsection.6.3.4}{\376\377\000D\000i\000e\000l\000e\000k\000t\000r\000o\000m\000o\000s\000\040\000p\000o\000l\000a\000r\000i\000z\000\341\000c\000i\000\363}{subsection.6.3}% 96
\BOOKMARK [3][-]{subsubsection.6.3.5}{\376\377\000P\000o\000l\000a\000r\000i\000z\000\341\000l\000t\000\040\000a\000n\000y\000a\000g\000\040\000e\000l\000e\000k\000t\000r\000o\000m\000o\000s\000\040\000t\000e\000r\000e}{subsection.6.3}% 97
\BOOKMARK [3][-]{subsubsection.6.3.6}{\376\377\000E\000l\000e\000k\000t\000r\000o\000m\000o\000s\000\040\000e\000l\000t\000o\000l\000\341\000s}{subsection.6.3}% 98
\BOOKMARK [3][-]{subsubsection.6.3.7}{\376\377\000L\000i\000n\000e\000\341\000r\000i\000s\000\040\000d\000i\000e\000l\000e\000k\000t\000r\000i\000k\000u\000m}{subsection.6.3}% 99
\BOOKMARK [3][-]{subsubsection.6.3.8}{\376\377\000K\000o\000n\000d\000e\000n\000z\000\341\000t\000o\000r\000\040\000d\000i\000e\000l\000e\000k\000t\000r\000i\000k\000u\000m\000m\000a\000l}{subsection.6.3}% 100
\BOOKMARK [2][-]{subsection.6.4}{\376\377\000M\000a\000g\000n\000e\000t\000o\000s\000z\000t\000a\000t\000i\000k\000a\000,\000\040\000L\000o\000r\000e\000n\000t\000z\000-\000e\000r\001\121}{section.6}% 101
\BOOKMARK [3][-]{subsubsection.6.4.1}{\376\377\000\301\000r\000a\000m}{subsection.6.4}% 102
\BOOKMARK [2][-]{subsection.6.5}{\376\377\000S\000t\000a\000c\000i\000o\000n\000\341\000r\000i\000u\000s\000\040\000\341\000r\000a\000m\000,\000\040\000\341\000r\000a\000m\000k\000\366\000r\000i\000\040\000t\000\366\000r\000v\000\351\000n\000y\000e\000k\000:\000\040\000K\000i\000r\000c\000h\000h\000o\000f\000f\000-\000t\000\366\000r\000v\000\351\000n\000y\000e\000k\000,\000\040\000O\000h\000m\000-\000t\000\366\000r\000v\000\351\000n\000y}{section.6}% 103
\BOOKMARK [3][-]{subsubsection.6.5.1}{\376\377\000S\000t\000a\000c\000i\000o\000n\000\341\000r\000i\000u\000s\000\040\000\341\000r\000a\000m}{subsection.6.5}% 104
\BOOKMARK [3][-]{subsubsection.6.5.2}{\376\377\000B\000i\000o\000t\000-\000S\000a\000v\000a\000r\000t\000\040\000T\000\366\000r\000v\000\351\000n\000y}{subsection.6.5}% 105
\BOOKMARK [3][-]{subsubsection.6.5.3}{\376\377\000O\000h\000m\000-\000t\000\366\000r\000v\000\351\000n\000y}{subsection.6.5}% 106
\BOOKMARK [3][-]{subsubsection.6.5.4}{\376\377\000O\000h\000m\000-\000t\000\366\000r\000v\000\351\000n\000y\000\040\000k\000l\000a\000s\000s\000z\000i\000k\000u\000s\000\040\000a\000l\000a\000k}{subsection.6.5}% 107
\BOOKMARK [3][-]{subsubsection.6.5.5}{\376\377\000E\000l\000e\000k\000t\000r\000o\000m\000o\000t\000o\000r\000o\000s\000\040\000e\000r\001\121}{subsection.6.5}% 108
\BOOKMARK [3][-]{subsubsection.6.5.6}{\376\377\000K\000i\000r\000c\000h\000h\000o\000f\000f\000\040\000T\000\366\000r\000v\000\351\000n\000y\000e\000k}{subsection.6.5}% 109
\BOOKMARK [1][-]{section.7}{\376\377\000E\000l\000e\000k\000t\000r\000o\000d\000i\000n\000a\000m\000i\000k\000a\000\040\000e\000l\000e\000c\000t\000r\000o\000i\000n\000t\000r\000o}{}% 110
\BOOKMARK [2][-]{subsection.7.1}{\376\377\000E\000l\000e\000k\000t\000r\000o\000m\000\341\000g\000n\000e\000s\000e\000s\000\040\000i\000n\000d\000u\000k\000c\000i\000\363\000,\000\040\000F\000a\000r\000a\000d\000a\000y\000-\000t\000\366\000r\000v\000\351\000n\000y}{section.7}% 111
\BOOKMARK [3][-]{subsubsection.7.1.1}{\376\377\000I\000n\000d\000u\000k\000\341\000l\000t\000\040\000e\000l\000e\000k\000t\000r\000o\000m\000o\000s\000\040\000t\000\351\000r}{subsection.7.1}% 112
\BOOKMARK [3][-]{subsubsection.7.1.2}{\376\377\000I\000n\000d\000u\000k\000t\000i\000v\000i\000t\000\341\000s}{subsection.7.1}% 113
\BOOKMARK [2][-]{subsection.7.2}{\376\377\000V\000\341\000l\000t\000a\000k\000o\000z\000\363\000\040\000\341\000r\000a\000m\000,\000\040\000r\000e\000z\000g\001\121\000k\000\366\000r\000,\000\040\000t\000r\000a\000n\000s\000z\000f\000o\000r\000m\000\341\000t\000o\000r}{section.7}% 114
\BOOKMARK [3][-]{subsubsection.7.2.1}{\376\377\000V\000\341\000l\000t\000a\000k\000o\000z\000\363\000\040\000\341\000r\000a\000m}{subsection.7.2}% 115
\BOOKMARK [3][-]{subsubsection.7.2.2}{\376\377\000R\000e\000z\000g\001\121\000k\000\366\000r}{subsection.7.2}% 116
\BOOKMARK [3][-]{subsubsection.7.2.3}{\376\377\000T\000r\000a\000n\000s\000z\000o\000r\000m\000\341\000t\000o\000r}{subsection.7.2}% 117
\BOOKMARK [2][-]{subsection.7.3}{\376\377\000M\000a\000x\000w\000e\000l\000l\000-\000e\000g\000y\000e\000n\000l\000e\000t\000e\000k\000,\000\040\000a\000n\000y\000a\000g\000i\000\040\000\366\000s\000s\000z\000e\000f\000\374\000g\000g\000\351\000s\000e\000k\000,\000\040\000i\000l\000l\000e\000s\000z\000t\000\351\000s\000i\000\040\000f\000e\000l\000t\000\351\000t\000e\000l\000e\000k}{section.7}% 118
\BOOKMARK [3][-]{subsubsection.7.3.1}{\376\377\000M\000a\000x\000w\000e\000l\000l\000-\000E\000g\000y\000e\000n\000l\000e\000t\000e\000k}{subsection.7.3}% 119
\BOOKMARK [3][-]{subsubsection.7.3.2}{\376\377\000M\000a\000x\000w\000e\000l\000l\000-\000e\000g\000y\000e\000n\000l\000e\000t\000e\000k\000\040\000a\000n\000y\000a\000g\000b\000a\000n\000,\000\040\000a\000n\000y\000a\000g\000i\000\040\000\366\000s\000s\000z\000e\000f\000\374\000g\000g\000\351\000s\000e\000k}{subsection.7.3}% 120
\BOOKMARK [2][-]{subsection.7.4}{\376\377\000E\000l\000e\000k\000t\000r\000o\000m\000\341\000g\000n\000e\000s\000e\000s\000\040\000p\000o\000t\000e\000n\000c\000i\000\341\000l\000o\000k\000,\000\040\000m\000\351\000r\000t\000\351\000k\000i\000n\000v\000a\000r\000i\000a\000n\000c\000i\000a}{section.7}% 121
\BOOKMARK [3][-]{subsubsection.7.4.1}{\376\377\000m\000\351\000r\000t\000\351\000k\000i\000n\000v\000a\000r\000i\000a\000n\000c\000i\000a\000\040\000\050\000G\000a\000u\000g\000e\000\040\000T\000r\000a\000n\000s\000f\000o\000r\000m\000a\000t\000i\000o\000n\000\051}{subsection.7.4}% 122
\BOOKMARK [3][-]{subsubsection.7.4.2}{\376\377\000C\000o\000u\000l\000o\000m\000b\000\040\000m\000\351\000r\000t\000\351\000k}{subsection.7.4}% 123
\BOOKMARK [3][-]{subsubsection.7.4.3}{\376\377\000L\000o\000r\000e\000n\000t\000z\000\040\000m\000\351\000r\000t\000\351\000k}{subsection.7.4}% 124
\BOOKMARK [2][-]{subsection.7.5}{\376\377\000E\000l\000e\000k\000t\000r\000o\000m\000\341\000g\000n\000e\000s\000e\000s\000\040\000t\000\351\000r\000\040\000e\000n\000e\000r\000g\000i\000\341\000j\000a\000\040\000\351\000s\000\040\000i\000m\000p\000u\000l\000z\000u\000s\000a}{section.7}% 125
\BOOKMARK [3][-]{subsubsection.7.5.1}{\376\377\000K\000o\000n\000t\000i\000n\000u\000i\000t\000\341\000s\000i\000\040\000E\000g\000y\000e\000n\000l\000e\000t}{subsection.7.5}% 126
\BOOKMARK [3][-]{subsubsection.7.5.2}{\376\377\000P\000o\000y\000n\000t\000i\000n\000g\000\040\000t\000\351\000t\000e\000l}{subsection.7.5}% 127
\BOOKMARK [3][-]{subsubsection.7.5.3}{\376\377\000I\000m\000p\000u\000l\000z\000u\000s}{subsection.7.5}% 128
\BOOKMARK [1][-]{section.8}{\376\377\000H\000u\000l\000l\000\341\000m\000e\000g\000y\000e\000n\000l\000e\000t\000\040\000\351\000s\000\040\000h\000u\000l\000l\000\341\000m\000j\000e\000l\000e\000n\000s\000\351\000g\000e\000k\000\040\000e\000l\000e\000c\000t\000r\000o\000i\000n\000t\000r\000o}{}% 129
\BOOKMARK [2][-]{subsection.8.1}{\376\377\000H\000u\000l\000l\000\341\000m\000e\000g\000y\000e\000n\000l\000e\000t\000e\000k\000\040\000s\000z\000\341\000r\000m\000a\000z\000t\000a\000t\000\341\000s\000a\000,\000\040\000m\000e\000g\000o\000l\000d\000\341\000s\000a\000i}{section.8}% 130
\BOOKMARK [3][-]{subsubsection.8.1.1}{\376\377\000A\000\040\000h\000u\000l\000l\000\341\000m\000e\000g\000y\000e\000n\000l\000e\000t}{subsection.8.1}% 131
\BOOKMARK [3][-]{subsubsection.8.1.2}{\376\377\000K\000l\000a\000s\000s\000z\000i\000k\000u\000s\000\040\000h\000u\000l\000l\000\341\000m}{subsection.8.1}% 132
\BOOKMARK [3][-]{subsubsection.8.1.3}{\376\377\000H\000a\000t\000\341\000r\000f\000e\000l\000t\000\351\000t\000e\000l\000e\000k\000:\000\040\000V\000i\000s\000s\000z\000a\000v\000e\000r\001\121\000d\000\351\000s\000\040\000\351\000s\000\040\000t\000r\000a\000n\000s\000z\000m\000i\000s\000s\000z\000i\000\363}{subsection.8.1}% 133
\BOOKMARK [2][-]{subsection.8.2}{\376\377\000P\000o\000l\000a\000r\000i\000z\000\341\000c\000i\000\363}{section.8}% 134
\BOOKMARK [2][-]{subsection.8.3}{\376\377\000E\000l\000e\000k\000t\000r\000o\000m\000\341\000g\000n\000e\000s\000e\000s\000\040\000h\000u\000l\000l\000\341\000m\000o\000k}{section.8}% 135
\BOOKMARK [3][-]{subsubsection.8.3.1}{\376\377\000E\000l\000e\000k\000t\000r\000o\000m\000\341\000g\000n\000e\000s\000e\000s\000\040\000h\000u\000l\000l\000\341\000m\000\040\000v\000\341\000k\000u\000u\000m\000b\000a\000n}{subsection.8.3}% 136
\BOOKMARK [3][-]{subsubsection.8.3.2}{\376\377\000M\000o\000n\000o\000k\000r\000o\000m\000a\000t\000i\000k\000u\000s\000\040\000h\000u\000l\000l\000\341\000m\000o\000k}{subsection.8.3}% 137
\BOOKMARK [3][-]{subsubsection.8.3.3}{\376\377\000E\000l\000e\000k\000t\000r\000o\000m\000\341\000g\000n\000e\000s\000e\000s\000\040\000h\000u\000l\000l\000\341\000m\000o\000k\000\040\000e\000n\000e\000r\000g\000i\000a\000\040\000\351\000s\000\040\000i\000m\000p\000u\000l\000z\000u\000s\000a}{subsection.8.3}% 138
\BOOKMARK [3][-]{subsubsection.8.3.4}{\376\377\000E\000l\000e\000k\000t\000o\000m\000\341\000g\000n\000e\000s\000e\000s\000\040\000h\000u\000l\000l\000\341\000m\000o\000k\000\040\000a\000n\000y\000a\000g\000b\000a\000n}{subsection.8.3}% 139
\BOOKMARK [2][-]{subsection.8.4}{\376\377\000D\000i\000s\000z\000p\000e\000r\000z\000i\000\363\000,\000\040\000c\000s\000o\000p\000o\000r\000t\000-\000\040\000\351\000s\000\040\000f\000\341\000z\000i\000s\000s\000e\000b\000e\000s\000s\000\351\000g\000,\000\040\000D\000o\000p\000p\000l\000e\000r\000-\000e\000f\000f\000e\000k\000t\000u\000s}{section.8}% 140
\BOOKMARK [3][-]{subsubsection.8.4.1}{\376\377\000D\000o\000p\000p\000l\000e\000r\000-\000E\000f\000f\000e\000k\000t\000u\000s}{subsection.8.4}% 141
\BOOKMARK [2][-]{subsection.8.5}{\376\377\000i\000n\000t\000e\000r\000f\000e\000r\000e\000n\000c\000i\000a\000,\000\040\000d\000i\000f\000f\000r\000a\000k\000c\000i\000\363}{section.8}% 142
\BOOKMARK [3][-]{subsubsection.8.5.1}{\376\377\000I\000n\000t\000e\000r\000f\000e\000r\000e\000n\000c\000i\000a}{subsection.8.5}% 143
\BOOKMARK [3][-]{subsubsection.8.5.2}{\376\377\000d\000i\000f\000f\000r\000a\000k\000c\000i\000\363}{subsection.8.5}% 144
\BOOKMARK [2][-]{subsection.8.6}{\376\377\000R\000e\000t\000a\000r\000d\000\341\000l\000t\000\040\000p\000o\000t\000e\000n\000c\000i\000\341\000l\000o\000k\000.\000\040\000D\000i\000p\000\363\000l\000s\000u\000g\000\341\000r\000z\000\341\000s}{section.8}% 145
\BOOKMARK [3][-]{subsubsection.8.6.1}{\376\377\000R\000e\000t\000a\000r\000d\000\341\000l\000t\000\040\000p\000o\000t\000e\000n\000c\000i\000\341\000l\000o\000k}{subsection.8.6}% 146
\BOOKMARK [3][-]{subsubsection.8.6.2}{\376\377\000D\000i\000p\000\363\000l\000s\000u\000g\000\341\000r\000z\000\341\000s}{subsection.8.6}% 147
\BOOKMARK [1][-]{section.9}{\376\377\000G\000e\000o\000m\000e\000t\000r\000i\000a\000i\000\040\000o\000p\000t\000i\000k\000a\000\040\000\351\000s\000\040\000a\000l\000k\000a\000l\000m\000a\000z\000\341\000s\000a\000i}{}% 148
\BOOKMARK [2][-]{subsection.9.1}{\376\377\000F\000e\000r\000m\000a\000t\000-\000e\000l\000v}{section.9}% 149
\BOOKMARK [3][-]{subsubsection.9.1.1}{\376\377\000t\000\366\000r\000\351\000s\000\040\000\351\000s\000\040\000v\000i\000s\000s\000z\000a\000v\000e\000r\001\121\000d\000\351\000s}{subsection.9.1}% 150
\BOOKMARK [3][-]{subsubsection.9.1.2}{\376\377\000F\000e\000r\000m\000a\000t\000-\000e\000l\000v}{subsection.9.1}% 151
\BOOKMARK [2][-]{subsection.9.2}{\376\377\000P\000a\000r\000a\000x\000i\000\341\000l\000i\000s\000\040\000k\000\366\000z\000e\000l\000\355\000t\000\351\000s}{section.9}% 152
\BOOKMARK [2][-]{subsection.9.3}{\376\377\000O\000p\000t\000i\000k\000a\000i\000,\000\040\000l\000e\000k\000\351\000p\000e\000z\000\351\000s\000i\000\040\000t\000\366\000r\000v\000\351\000n\000y\000e\000k\000,\000\040\000f\000e\000l\000b\000o\000n\000t\000\363\000k\000\351\000p\000e\000s\000s\000\351\000g}{section.9}% 153
\BOOKMARK [3][-]{subsubsection.9.3.1}{\376\377\000O\000p\000t\000i\000k\000a\000i\000\040\000t\000\366\000r\000v\000\351\000n\000y\000e\000k}{subsection.9.3}% 154
\BOOKMARK [3][-]{subsubsection.9.3.2}{\376\377\000L\000e\000k\000\351\000p\000e\000z\000\351\000s\000i\000\040\000t\000\366\000r\000v\000\351\000n\000y\000e\000k}{subsection.9.3}% 155
\BOOKMARK [3][-]{subsubsection.9.3.3}{\376\377\000F\000e\000l\000b\000o\000n\000t\000\363\000k\000\351\000p\000e\000s\000s\000\351\000g}{subsection.9.3}% 156
\BOOKMARK [2][-]{subsection.9.4}{\376\377\000O\000p\000t\000i\000k\000a\000i\000\040\000e\000s\000z\000k\000\366\000z\000\366\000k}{section.9}% 157
\BOOKMARK [3][-]{subsubsection.9.4.1}{\376\377\000T\000\341\000v\000c\000s\000\366\000v\000e\000k}{subsection.9.4}% 158
\BOOKMARK [3][-]{subsubsection.9.4.2}{\376\377\000F\000\351\000n\000y\000m\000i\000k\000r\000o\000s\000z\000k\000\363\000p}{subsection.9.4}% 159
\BOOKMARK [3][-]{subsubsection.9.4.3}{\376\377\000S\000z\000e\000m\000\374\000v\000e\000g}{subsection.9.4}% 160
\BOOKMARK [2][-]{subsection.9.5}{\376\377\000O\000p\000t\000i\000k\000a\000i\000\040\000j\000e\000l\000e\000n\000s\000\351\000g\000e\000k\000\040\000a\000\040\000t\000e\000r\000m\000\351\000s\000z\000e\000t\000b\000e\000n\000,\000\040\000K\000a\000u\000s\000z\000t\000i\000k\000\341\000k}{section.9}% 161
\BOOKMARK [3][-]{subsubsection.9.5.1}{\376\377\000D\000\351\000l\000i\000b\000\341\000b}{subsection.9.5}% 162
\BOOKMARK [3][-]{subsubsection.9.5.2}{\376\377\000N\000a\000p\000l\000e\000m\000e\000n\000t\000e}{subsection.9.5}% 163
\BOOKMARK [3][-]{subsubsection.9.5.3}{\376\377\000S\000z\000i\000v\000\341\000r\000v\000\341\000n\000y}{subsection.9.5}% 164
\BOOKMARK [3][-]{subsubsection.9.5.4}{\376\377\000K\000a\000u\000s\000z\000t\000i\000k\000\341\000k}{subsection.9.5}% 165
\BOOKMARK [1][-]{section.10}{\376\377\000A\000\040\000k\000v\000a\000n\000t\000u\000m\000e\000l\000m\000\351\000l\000e\000t\000\040\000a\000l\000a\000p\000v\000e\000t\001\121\000\040\000k\000\355\000s\000\351\000r\000l\000e\000t\000e\000i\000\040\000k\000i\000s\000e\000r\000l\000e\000t\000i\000a\000t\000o\000m\000f\000i\000z\000i\000k\000a}{}% 166
\BOOKMARK [2][-]{subsection.10.1}{\376\377\000F\000o\000t\000o\000e\000f\000f\000e\000k\000t\000u\000s}{section.10}% 167
\BOOKMARK [3][-]{subsubsection.10.1.1}{\376\377\000A\000\040\000f\000o\000t\000o\000e\000f\000f\000e\000k\000t\000u\000s\000\040\000k\000v\000a\000n\000t\000u\000m\000o\000s\000\040\000m\000a\000g\000y\000a\000r\000\341\000z\000a\000t\000a\000:\000\040\000a\000\040\000f\000o\000t\000o\000n\000k\000\351\000p}{subsection.10.1}% 168
\BOOKMARK [3][-]{subsubsection.10.1.2}{\376\377\000A\000t\000o\000m\000i\000\040\000f\000o\000t\000o\000e\000f\000f\000e\000k\000t\000u\000s}{subsection.10.1}% 169
\BOOKMARK [2][-]{subsection.10.2}{\376\377\000C\000o\000m\000p\000t\000o\000n\000-\000e\000f\000f\000e\000k\000t\000u\000s}{section.10}% 170
\BOOKMARK [3][-]{subsubsection.10.2.1}{\376\377\000C\000o\000m\000p\000t\000o\000n\000\040\000k\000\355\000s\000\351\000r\000l\000e\000t\000e\000i\000\040\000a\000\040\000r\000\366\000n\000t\000g\000e\000n\000s\000u\000g\000\341\000r\000z\000\341\000s\000\040\000r\000u\000g\000a\000l\000m\000a\000t\000l\000a\000n\000\040\000s\000z\000\363\000r\000\363\000d\000\341\000s\000\341\000r\000a}{subsection.10.2}% 171
\BOOKMARK [3][-]{subsubsection.10.2.2}{\376\377\000A\000\040\000C\000o\000m\000p\000t\000o\000n\000-\000e\000f\000f\000e\000k\000t\000u\000s\000\040\000\351\000r\000t\000e\000l\000m\000e\000z\000\351\000s\000e}{subsection.10.2}% 172
\BOOKMARK [2][-]{subsection.10.3}{\376\377\000H\001\121\000m\000\351\000r\000s\000\351\000k\000l\000e\000t\000i\000\040\000s\000u\000g\000\341\000r\000z\000\341\000s\000\040\000s\000p\000e\000k\000t\000r\000u\000m\000a}{section.10}% 173
\BOOKMARK [3][-]{subsubsection.10.3.1}{\376\377\000A\000z\000\040\000a\000b\000s\000z\000o\000l\000\372\000t\000\040\000f\000e\000k\000e\000t\000e\000\040\000t\000e\000s\000t}{subsection.10.3}% 174
\BOOKMARK [3][-]{subsubsection.10.3.2}{\376\377\000K\000i\000r\000c\000h\000h\000o\000f\000f\000\040\000t\000\366\000r\000v\000\351\000n\000y\000e\000k}{subsection.10.3}% 175
\BOOKMARK [3][-]{subsubsection.10.3.3}{\376\377\000A\000\040\000f\000e\000k\000e\000t\000e\000t\000e\000s\000t\000\040\000s\000u\000g\000\341\000r\000z\000\341\000s}{subsection.10.3}% 176
\BOOKMARK [3][-]{subsubsection.10.3.4}{\376\377\000R\000a\000y\000l\000e\000i\000g\000h\000-\000J\000e\000a\000n\000s\000\040\000f\000\351\000l\000e\000\040\000s\000u\000g\000\341\000r\000z\000\341\000s\000i\000\040\000t\000\366\000r\000v\000\351\000n\000y}{subsection.10.3}% 177
\BOOKMARK [3][-]{subsubsection.10.3.5}{\376\377\000W\000i\000e\000n\000-\000f\000\351\000l\000e\000\040\000s\000u\000g\000\341\000r\000z\000\341\000s\000i\000\040\000t\000\366\000r\000v\000\351\000n\000y}{subsection.10.3}% 178
\BOOKMARK [3][-]{subsubsection.10.3.6}{\376\377\000P\000l\000a\000n\000c\000k\000-\000F\000\351\000l\000e\000\040\000s\000u\000g\000\341\000r\000z\000\341\000s\000i\000\040\000t\000\366\000r\000v\000\351\000n\000y}{subsection.10.3}% 179
\BOOKMARK [2][-]{subsection.10.4}{\376\377\000R\000u\000t\000h\000e\000r\000f\000o\000r\000d\000-\000k\000\355\000s\000\351\000r\000l\000e\000t}{section.10}% 180
\BOOKMARK [3][-]{subsubsection.10.4.1}{\376\377\000A\000t\000o\000m\000m\000o\000d\000e\000l\000l\000e\000k\000\040\000R\000u\000t\000h\000e\000r\000f\000o\000r\000d\000\040\000E\000l\001\121\000t\000t}{subsection.10.4}% 181
\BOOKMARK [3][-]{subsubsection.10.4.2}{\376\377\000K\000i\000s\000\351\000r\000l\000e\000t\000i\000\040\000e\000l\000r\000e\000n\000d\000e\000z\000\351\000s}{subsection.10.4}% 182
\BOOKMARK [3][-]{subsubsection.10.4.3}{\376\377\000R\000u\000t\000h\000e\000r\000f\000o\000r\000d\000\040\000a\000t\000o\000m\000m\000o\000d\000e\000l\000l\000j\000e}{subsection.10.4}% 183
\BOOKMARK [3][-]{subsubsection.10.4.4}{\376\377\000H\000a\000t\000\341\000s\000k\000e\000r\000e\000s\000z\000t\000m\000e\000t\000s\000z\000e\000t}{subsection.10.4}% 184
\BOOKMARK [3][-]{subsubsection.10.4.5}{\376\377\000A\000\040\000R\000u\000t\000h\000e\000r\000f\000o\000r\000d\000-\000f\000\351\000l\000e\000\040\000s\000z\000\363\000r\000\341\000s\000i\000\040\000f\000o\000r\000m\000u\000l\000a}{subsection.10.4}% 185
\BOOKMARK [3][-]{subsubsection.10.4.6}{\376\377\000A\000\040\000R\000u\000t\000h\000e\000r\000f\000o\000r\000d\000-\000k\000\355\000s\000\351\000r\000l\000e\000t\000\040\000k\000\366\000v\000e\000t\000k\000e\000z\000m\000\351\000n\000y\000e\000i}{subsection.10.4}% 186
\BOOKMARK [2][-]{subsection.10.5}{\376\377\000M\000i\000l\000l\000i\000k\000a\000n\000-\000k\000\355\000s\000\351\000r\000l\000e\000t}{section.10}% 187
\BOOKMARK [3][-]{subsubsection.10.5.1}{\376\377\000S\000\366\000r\000\351\000t\000z\000a\000j}{subsection.10.5}% 188
\BOOKMARK [2][-]{subsection.10.6}{\376\377\000D\000a\000v\000i\000s\000s\000o\000n\040\023\000G\000e\000r\000m\000e\000r\000-\000k\000\355\000s\000\351\000r\000l\000e\000t}{section.10}% 189
\BOOKMARK [3][-]{subsubsection.10.6.1}{\376\377\000D\000e\000\040\000B\000r\000o\000g\000l\000i\000e\000-\000f\000\351\000l\000e\000\040\000h\000u\000l\000l\000\341\000m\000o\000k}{subsection.10.6}% 190
\BOOKMARK [3][-]{subsubsection.10.6.2}{\376\377\000D\000a\000v\000i\000s\000s\000o\000n\000-\000G\000e\000r\000m\000e\000r\000\040\000k\000\355\000s\000\351\000r\000l\000e\000t\000e}{subsection.10.6}% 191
\BOOKMARK [2][-]{subsection.10.7}{\376\377\000S\000t\000e\000r\000n\040\023\000G\000e\000r\000l\000a\000c\000h\000-\000k\000\355\000s\000\351\000r\000l\000e\000t}{section.10}% 192
\BOOKMARK [3][-]{subsubsection.10.7.1}{\376\377\000I\000r\000\341\000n\000y\000k\000v\000a\000n\000t\000\341\000l\000t\000s\000\341\000g\000\040\000m\000\351\000r\000\351\000s\000e}{subsection.10.7}% 193
\BOOKMARK [3][-]{subsubsection.10.7.2}{\376\377\000T\000\366\000b\000b\000\040\000m\000\341\000g\000n\000e\000s\000e\000s\000\040\000t\000\351\000r\000\040\000h\000a\000s\000z\000n\000\341\000l\000a\000t\000a}{subsection.10.7}% 194
\BOOKMARK [2][-]{subsection.10.8}{\376\377\000E\000i\000n\000s\000t\000e\000i\000n\040\023\000d\000e\000\040\000H\000a\000a\000s\000-\000k\000\355\000s\000\351\000r\000l\000e\000t}{section.10}% 195
\BOOKMARK [2][-]{subsection.10.9}{\376\377\000Z\000e\000e\000m\000a\000n\000-\000e\000f\000f\000e\000k\000t\000u\000s}{section.10}% 196
\BOOKMARK [1][-]{section.11}{\376\377\000A\000\040\000k\000v\000a\000n\000t\000u\000m\000m\000e\000c\000h\000a\000n\000i\000k\000a\000\040\000a\000l\000a\000p\000j\000a\000i\000\040\000q\000u\000a\000n\000t\000u\000m\000i\000n\000t\000r\000o}{}% 197
\BOOKMARK [2][-]{subsection.11.1}{\376\377\000A\000\040\000k\000v\000a\000n\000t\000u\000m\000m\000e\000c\000h\000a\000n\000i\000k\000a\000\040\000m\000a\000t\000e\000m\000a\000t\000i\000k\000a\000i\000\040\000h\000\341\000t\000t\000e\000r\000e\000,\000\040\000k\000v\000a\000n\000t\000u\000m\000m\000e\000c\000h\000a\000n\000i\000k\000a\000i\000\040\000r\000e\000p\000r\000e\000z\000e\000n\000t\000\341\000c\000i\000\363\000k}{section.11}% 198
\BOOKMARK [3][-]{subsubsection.11.1.1}{\376\377\000H\000i\000l\000b\000e\000r\000t\000-\000t\000\351\000r\000\040\000V\000e\000k\000t\000o\000r\000o\000k\000\040\000q\000u\000a\000n\000t\000u\000m\000p\000r\000i\000m\000e\000r}{subsection.11.1}% 199
\BOOKMARK [3][-]{subsubsection.11.1.2}{\376\377\000H\000i\000l\000b\000e\000r\000t\000\040\000t\000\351\000r\000\040\000o\000p\000e\000r\000\341\000t\000o\000r\000a\000i}{subsection.11.1}% 200
\BOOKMARK [3][-]{subsubsection.11.1.3}{\376\377\000D\000e\000t\000e\000r\000m\000i\000n\000i\000s\000z\000t\000i\000k\000u\000s\000\040\000\341\000l\000l\000a\000p\000o\000t\000o\000k}{subsection.11.1}% 201
\BOOKMARK [3][-]{subsubsection.11.1.4}{\376\377\000A\000\040\000h\000e\000r\000m\000i\000t\000i\000k\000u\000s\000\040\000o\000p\000e\000r\000\341\000t\000o\000r\000\040\000s\000a\000j\000\341\000t\000f\000\374\000g\000g\000v\000\351\000n\000y\000e\000i}{subsection.11.1}% 202
\BOOKMARK [3][-]{subsubsection.11.1.5}{\376\377\000B\000\341\000z\000i\000s\000o\000k\000\040\000a\000\040\000H\000i\000l\000b\000e\000r\000t\000\040\000t\000\351\000r\000e\000n}{subsection.11.1}% 203
\BOOKMARK [3][-]{subsubsection.11.1.6}{\376\377\000D\000i\000r\000a\000c\000\040\000J\000e\000l\000\366\000l\000\351\000s}{subsection.11.1}% 204
\BOOKMARK [2][-]{subsection.11.2}{\376\377\000S\000c\000h\000r\000\366\000d\000i\000n\000g\000e\000r\000-\000e\000g\000y\000e\000n\000l\000e\000t}{section.11}% 205
\BOOKMARK [3][-]{subsubsection.11.2.1}{\376\377\000S\000c\000h\000r\000\366\000d\000i\000n\000g\000e\000r\000\040\000E\000g\000y\000e\000n\000l\000e\000t\000\040\000S\000z\000e\000p\000a\000r\000\341\000l\000\341\000s\000a}{subsection.11.2}% 206
\BOOKMARK [3][-]{subsubsection.11.2.2}{\376\377\000S\000c\000h\000r\000\366\000d\000i\000n\000g\000e\000r\000\040\000e\000g\000y\000e\000n\000l\000e\000t\000\040\000m\000e\000g\000o\000l\000d\000\341\000s\000a}{subsection.11.2}% 207
\BOOKMARK [2][-]{subsection.11.3}{\376\377\000S\000t\000a\000t\000i\000s\000z\000t\000i\000k\000u\000s\000\040\000i\000n\000t\000e\000r\000p\000r\000e\000t\000\341\000c\000i\000\363}{section.11}% 208
\BOOKMARK [3][-]{subsubsection.11.3.1}{\376\377\000N\000o\000r\000m\000a\000l\000i\000z\000\341\000l\000\341\000s}{subsection.11.3}% 209
\BOOKMARK [3][-]{subsubsection.11.3.2}{\376\377\000\341\000l\000t\000a\000l\000\341\000n\000o\000s\000\355\000t\000o\000t\000t\000\040\000s\000t\000a\000t\000i\000s\000z\000t\000i\000k\000u\000s\000\040\000i\000n\000t\000e\000r\000p\000r\000e\000t\000\341\000c\000i\000\363}{subsection.11.3}% 210
\BOOKMARK [2][-]{subsection.11.4}{\376\377\000H\000a\000t\000\341\000r\000o\000z\000a\000t\000l\000a\000n\000s\000\341\000g\000i\000\040\000r\000e\000l\000\341\000c\000i\000\363}{section.11}% 211
\BOOKMARK [3][-]{subsubsection.11.4.1}{\376\377\000M\000o\000m\000e\000n\000t\000u\000m\000\040\000o\000p\000e\000r\000\341\000t\000o\000r}{subsection.11.4}% 212
\BOOKMARK [3][-]{subsubsection.11.4.2}{\376\377\000H\000a\000t\000\341\000r\000o\000z\000a\000t\000l\000a\000n\000s\000\341\000g\000i\000\040\000r\000e\000l\000\341\000c\000i\000\363\000\040\000e\000l\000v\000e}{subsection.11.4}% 213
\BOOKMARK [3][-]{subsubsection.11.4.3}{\376\377\000\341\000l\000t\000a\000l\000\341\000n\000o\000s\000\355\000t\000o\000t\000t\000\040\000h\000a\000t\000\341\000r\000o\000z\000a\000t\000l\000a\000n\000s\000\341\000g\000i\000\040\000r\000e\000l\000\341\000c\000i\000\363}{subsection.11.4}% 214
\BOOKMARK [2][-]{subsection.11.5}{\376\377\000S\000z\000a\000b\000a\000d\000\040\000r\000\351\000s\000z\000e\000c\000s\000k\000e\000\040\000h\000u\000l\000l\000\341\000m\000f\000\374\000g\000g\000v\000\351\000n\000y\000e\000,\000\040\000s\000z\000u\000p\000e\000r\000p\000o\000z\000\355\000c\000i\000\363}{section.11}% 215
\BOOKMARK [3][-]{subsubsection.11.5.1}{\376\377\000D\000i\000s\000p\000e\000r\000z\000i\000\363\000s\000\040\000r\000e\000l\000\341\000c\000i\000\363}{subsection.11.5}% 216
\BOOKMARK [2][-]{subsection.11.6}{\376\377\000I\000m\000p\000u\000l\000z\000u\000s\000m\000o\000m\000e\000n\000t\000u\000m\000\040\000o\000p\000e\000r\000\341\000t\000o\000r\000,\000\040\000s\000a\000j\000\341\000t\000\351\000r\000t\000\351\000k\000e\000i\000,\000\040\000s\000a\000j\000\341\000t\000f\000\374\000g\000g\000v\000\351\000n\000y\000e\000i}{section.11}% 217
\BOOKMARK [3][-]{subsubsection.11.6.1}{\376\377\000A\000\040\000S\000c\000h\000r\000\366\000d\000i\000n\000g\000e\000r\000\040\000e\000g\000y\000e\000n\000l\000e\000t\000\040\000h\000\341\000r\000o\000m\000\040\000d\000i\000m\000e\000n\000z\000i\000\363\000b\000a\000n}{subsection.11.6}% 218
\BOOKMARK [3][-]{subsubsection.11.6.2}{\376\377\000G\000\366\000m\000b\000i\000-\000k\000o\000o\000r\000d\000i\000n\000\341\000t\000\341\000k}{subsection.11.6}% 219
\BOOKMARK [3][-]{subsubsection.11.6.3}{\376\377\000A\000\040\000s\000z\000\366\000g\000e\000k\000t\001\121\000l\000\040\000f\000\374\000g\000g\001\121\000\040\000e\000g\000y\000e\000n\000l\000e\000t}{subsection.11.6}% 220
\BOOKMARK [3][-]{subsubsection.11.6.4}{\376\377\000A\000\040\000s\000u\000g\000\341\000r\000f\000\374\000g\000g\001\121\000\040\000e\000g\000y\000e\000n\000l\000e\000t}{subsection.11.6}% 221
\BOOKMARK [3][-]{subsubsection.11.6.5}{\376\377\000A\000z\000\040\000i\000m\000p\000u\000l\000z\000u\000s\000m\000o\000m\000e\000n\000t\000u\000m}{subsection.11.6}% 222
\BOOKMARK [2][-]{subsection.11.7}{\376\377\000S\000p\000i\000n}{section.11}% 223
\BOOKMARK [3][-]{subsubsection.11.7.1}{\376\377\0001\000/\0002\000\040\000S\000p\000i\000n}{subsection.11.7}% 224
\BOOKMARK [2][-]{subsection.11.8}{\376\377\000K\000o\000r\000r\000e\000s\000p\000o\000n\000d\000a\000n\000c\000i\000a\000e\000l\000v}{section.11}% 225
\BOOKMARK [3][-]{subsubsection.11.8.1}{\376\377\000O\000s\000z\000c\000i\000l\000l\000\341\000t\000o\000r\000\040\000s\000u\000g\000\341\000r\000z\000\341\000s\000a}{subsection.11.8}% 226
\BOOKMARK [1][-]{section.12}{\376\377\000A\000t\000o\000m\000-\000\040\000\351\000s\000\040\000m\000o\000l\000e\000k\000u\000l\000a\000s\000z\000e\000r\000k\000e\000z\000e\000t\000\040\000q\000u\000a\000n\000t\000u\000m\000i\000n\000t\000r\000o}{}% 227
\BOOKMARK [2][-]{subsection.12.1}{\376\377\000A\000t\000o\000m\000i\000\040\000e\000n\000e\000r\000g\000i\000a\000s\000z\000i\000n\000t\000e\000k\000,\000\040\000e\000m\000i\000s\000s\000z\000i\000\363\000s\000,\000\040\000a\000b\000s\000z\000o\000r\000p\000c\000i\000\363\000s\000\040\000s\000p\000e\000k\000t\000r\000u\000m\000o\000k\000\040\000k\000i\000s\000e\000r\000l\000e\000t\000i\000a\000t\000o\000m\000f\000i\000z\000i\000k\000a}{section.12}% 228
\BOOKMARK [2][-]{subsection.12.2}{\376\377\000A\000\040\000H\000i\000d\000r\000o\000g\000\351\000n\000\040\000a\000t\000o\000m\000\040\000s\000p\000e\000k\000t\000r\000u\000m\000a}{section.12}% 229
\BOOKMARK [2][-]{subsection.12.3}{\376\377\000B\000o\000h\000r\000-\000m\000o\000d\000e\000l\000l}{section.12}% 230
\BOOKMARK [3][-]{subsubsection.12.3.1}{\376\377\000I\000z\000o\000t\000\363\000p\000\040\000e\000l\000t\000o\000l\000\363\000d\000\341\000s\000,\000\040\000a\000\040\000t\000\366\000b\000b\000t\000e\000s\000t\000\040\000p\000r\000o\000b\000l\000\351\000m\000a}{subsection.12.3}% 231
\BOOKMARK [2][-]{subsection.12.4}{\376\377\000K\000v\000a\000n\000t\000u\000m\000m\000e\000c\000h\000a\000n\000i\000k\000a\000i\000\040\000k\000\366\000z\000e\000l\000\355\000t\001\121\000\040\000m\000\363\000d\000s\000z\000e\000r\000e\000k}{section.12}% 232
\BOOKMARK [3][-]{subsubsection.12.4.1}{\376\377\000I\000d\001\121\000f\000\374\000g\000g\000e\000t\000l\000e\000n\000\040\000P\000e\000r\000t\000u\000r\000b\000\341\000c\000i\000\363\000s\000\040\000e\000l\000m\000\351\000l\000e\000t}{subsection.12.4}% 233
\BOOKMARK [3][-]{subsubsection.12.4.2}{\376\377\000V\000a\000r\000i\000\341\000c\000i\000\363\000s\000\040\000e\000l\000v}{subsection.12.4}% 234
\BOOKMARK [3][-]{subsubsection.12.4.3}{\376\377\000A\000\040\000W\000K\000B\000\040\000k\000\366\000z\000e\000l\000\355\000t\000\351\000s}{subsection.12.4}% 235
\BOOKMARK [2][-]{subsection.12.5}{\376\377\000F\000e\000l\000h\000a\000s\000a\000d\000\341\000s\000o\000k\000:\000\040\000f\000i\000n\000o\000m\000f\000e\000l\000h\000a\000s\000a\000d\000\341\000s\000,\000\040\000h\000i\000p\000e\000r\000f\000i\000n\000o\000m\000\040\000f\000e\000l\000h\000a\000s\000a\000d\000\341\000s\000,\000\040\000L\000a\000m\000b\000-\000e\000l\000t\000o\000l\000\363\000d\000\341\000s}{section.12}% 236
\BOOKMARK [3][-]{subsubsection.12.5.1}{\376\377\000F\000i\000n\000o\000m\000f\000e\000l\000h\000a\000s\000a\000d\000\341\000s}{subsection.12.5}% 237
\BOOKMARK [3][-]{subsubsection.12.5.2}{\376\377\000H\000i\000p\000e\000r\000f\000i\000n\000o\000m\000\040\000f\000e\000l\000h\000a\000s\000a\000d\000\341\000s}{subsection.12.5}% 238
\BOOKMARK [3][-]{subsubsection.12.5.3}{\376\377\000L\000a\000m\000b\000-\000e\000l\000t\000o\000l\000\363\000d\000\341\000s}{subsection.12.5}% 239
\BOOKMARK [2][-]{subsection.12.6}{\376\377\000S\000p\000e\000k\000t\000r\000u\000m\000v\000o\000n\000a\000l\000a\000k\000\040\000f\000e\000l\000h\000a\000s\000a\000d\000\341\000s\000a\000\040\000k\000\374\000l\000s\001\121\000\040\000t\000\351\000r\000b\000e\000n\000:\000\040\000S\000t\000a\000r\000k\000-\000\040\000\351\000s\000\040\000Z\000e\000e\000m\000a\000n\000-\000e\000f\000f\000e\000k\000t\000u\000s\000o\000k}{section.12}% 240
\BOOKMARK [3][-]{subsubsection.12.6.1}{\376\377\000A\000\040\000Z\000e\000e\000m\000a\000n\000-\000e\000f\000f\000e\000k\000t\000u\000s}{subsection.12.6}% 241
\BOOKMARK [3][-]{subsubsection.12.6.2}{\376\377\000S\000t\000a\000r\000k\000-\000e\000f\000f\000e\000k\000t\000u\000s}{subsection.12.6}% 242
\BOOKMARK [2][-]{subsection.12.7}{\376\377\000F\000e\000r\000m\000i\000-\000f\000\351\000l\000e\000\040\000a\000r\000a\000n\000y\000s\000z\000a\000b\000\341\000l\000y\000,\000\040\000a\000l\000a\000g\000\372\000t\000j\000e\000l\000e\000n\000s\000\351\000g}{section.12}% 243
\BOOKMARK [3][-]{subsubsection.12.7.1}{\376\377\000I\000n\000k\000o\000h\000e\000r\000e\000n\000s\000\040\000p\000e\000r\000t\000u\000r\000b\000\341\000c\000i\000\363}{subsection.12.7}% 244
\BOOKMARK [3][-]{subsubsection.12.7.2}{\376\377\000E\000i\000n\000s\000t\000e\000i\000n\000\040\000f\000\351\000l\000e\000\040\000A\000\040\000\351\000s\000\040\000B\000\040\000e\000g\000y\000\374\000t\000t\000h\000a\000t\000\363\000k}{subsection.12.7}% 245
\BOOKMARK [3][-]{subsubsection.12.7.3}{\376\377\000K\000i\000v\000\341\000l\000a\000s\000z\000t\000\341\000s\000i\000\040\000s\000z\000a\000b\000\341\000l\000y\000o\000k}{subsection.12.7}% 246
\BOOKMARK [3][-]{subsubsection.12.7.4}{\376\377\000F\000e\000r\000m\000i\000-\000f\000\351\000l\000e\000\040\000a\000r\000a\000n\000y\000s\000z\000a\000b\000\341\000l\000y}{subsection.12.7}% 247
\BOOKMARK [3][-]{subsubsection.12.7.5}{\376\377\000A\000l\000a\000g\000\372\000t\000-\000e\000f\000f\000e\000k\000t\000u\000s}{subsection.12.7}% 248
\BOOKMARK [2][-]{subsection.12.8}{\376\377\000H\000e\000-\000a\000t\000o\000m\000,\000\040\000K\000\351\000t\000a\000t\000o\000m\000o\000s\000\040\000m\000o\000l\000e\000k\000u\000l\000\341\000k\000,\000\040\000P\000a\000u\000l\000i\000-\000e\000l\000v}{section.12}% 249
\BOOKMARK [3][-]{subsubsection.12.8.1}{\376\377\000H\000\351\000l\000i\000u\000m\000\040\000a\000t\000o\000m}{subsection.12.8}% 250
\BOOKMARK [3][-]{subsubsection.12.8.2}{\376\377\000K\000\351\000t\000a\000t\000o\000m\000o\000s\000\040\000m\000o\000l\000e\000k\000u\000l\000\341\000k}{subsection.12.8}% 251
\BOOKMARK [1][-]{section.13}{\376\377\000A\000\040\000m\000a\000g\000f\000i\000z\000i\000k\000a\000\040\000a\000l\000a\000p\000j\000a\000i\000\040\000a\000t\000o\000m\000m\000a\000g\000f\000i\000z\000i\000k\000a}{}% 252
\BOOKMARK [2][-]{subsection.13.1}{\376\377\000I\000z\000o\000t\000\363\000p\000t\000\351\000r\000k\000\351\000p\000,\000\040\000a\000t\000o\000m\000m\000a\000g\000o\000k\000\040\000t\000\366\000m\000e\000g\000e\000,\000\040\000m\000\351\000r\000e\000t\000e\000,\000\040\000k\000\366\000t\000\351\000s\000i\000\040\000e\000n\000e\000r\000g\000i\000\341\000j\000a}{section.13}% 253
\BOOKMARK [3][-]{subsubsection.13.1.1}{\376\377\000A\000t\000o\000m\000m\000a\000g\000o\000k\000\040\000m\000\351\000r\000e\000t\000e}{subsection.13.1}% 254
\BOOKMARK [3][-]{subsubsection.13.1.2}{\376\377\000A\000t\000o\000m\000o\000k\000\040\000t\000\366\000l\000t\000\351\000s\000e}{subsection.13.1}% 255
\BOOKMARK [3][-]{subsubsection.13.1.3}{\376\377\000A\000t\000o\000m\000m\000a\000g\000o\000k\000\040\000t\000\366\000m\000e\000g\000e}{subsection.13.1}% 256
\BOOKMARK [3][-]{subsubsection.13.1.4}{\376\377\000A\000t\000o\000m\000o\000k\000\040\000k\000\366\000t\000\351\000s\000i\000\040\000e\000n\000e\000r\000g\000i\000\341\000j\000a}{subsection.13.1}% 257
\BOOKMARK [3][-]{subsubsection.13.1.5}{\376\377\000I\000z\000o\000t\000\363\000p\000t\000\351\000r\000k\000\351\000p}{subsection.13.1}% 258
\BOOKMARK [2][-]{subsection.13.2}{\376\377\000E\000n\000e\000r\000g\000i\000a\000\040\000\351\000s\000\040\000t\000\366\000m\000e\000g\000\040\000e\000k\000v\000i\000v\000a\000l\000e\000n\000c\000i\000a\000,\000\040\000t\000\366\000m\000e\000g\000d\000e\000f\000e\000k\000t\000u\000s}{section.13}% 259
\BOOKMARK [2][-]{subsection.13.3}{\376\377\000A\000\040\000c\000s\000e\000p\000p\000m\000o\000d\000e\000l\000l\000\040\000\351\000s\000\040\000a\000\040\000f\000\351\000l\000e\000m\000p\000i\000r\000i\000k\000u\000s\000\040\000k\000\366\000t\000\351\000s\000i\000\040\000f\000o\000r\000m\000u\000l\000a}{section.13}% 260
\BOOKMARK [3][-]{subsubsection.13.3.1}{\376\377\000C\000s\000e\000p\000p\000m\000o\000d\000e\000l\000l}{subsection.13.3}% 261
\BOOKMARK [3][-]{subsubsection.13.3.2}{\376\377\000A\000z\000\040\000a\000t\000o\000m\000m\000a\000g\000\040\000e\000n\000e\000r\000g\000i\000\341\000j\000a\000\040\000a\000\040\000c\000s\000e\000p\000p\000m\000o\000d\000e\000l\000l\000\040\000s\000z\000e\000r\000i\000n\000t}{subsection.13.3}% 262
\BOOKMARK [3][-]{subsubsection.13.3.3}{\376\377\000A\000\040\000f\000\351\000l\000e\000m\000p\000i\000r\000i\000k\000u\000s\000\040\000k\000\366\000t\000\351\000s\000i\000\040\000e\000n\000e\000r\000g\000i\000a\000\040\000f\000o\000r\000m\000u\000l\000a}{subsection.13.3}% 263
\BOOKMARK [2][-]{subsection.13.4}{\376\377\000M\000a\000g\000h\000a\000s\000a\000d\000\341\000s\000,\000\040\000m\000a\000g\000f\000\372\000z\000i\000\363\000,\000\040\000r\000a\000d\000i\000o\000a\000k\000t\000i\000v\000i\000t\000\341\000s}{section.13}% 264
\BOOKMARK [3][-]{subsubsection.13.4.1}{\376\377\000M\000a\000g\000h\000a\000s\000a\000d\000\341\000s}{subsection.13.4}% 265
\BOOKMARK [3][-]{subsubsection.13.4.2}{\376\377\000M\000a\000g\000f\000\372\000z\000i\000\363}{subsection.13.4}% 266
\BOOKMARK [3][-]{subsubsection.13.4.3}{\376\377\000R\000a\000d\000i\000o\000a\000k\000t\000i\000v\000i\000t\000\341\000s}{subsection.13.4}% 267
\BOOKMARK [2][-]{subsection.13.5}{\376\377\000S\000u\000g\000\341\000r\000z\000\341\000s\000\040\000\351\000s\000\040\000a\000n\000y\000a\000g\000\040\000k\000\366\000l\000c\000s\000\366\000n\000h\000a\000t\000\341\000s\000a\000:\000\040\000B\000e\000t\000h\000e\040\023\000B\000l\000o\000c\000h\000-\000f\000o\000r\000m\000u\000l\000a}{section.13}% 268
\BOOKMARK [3][-]{subsubsection.13.5.1}{\376\377\000E\000l\000e\000k\000t\000r\000o\000m\000o\000s\000a\000n\000\040\000t\000\366\000l\000t\000\366\000t\000t\000\040\000r\000\351\000s\000z\000e\000c\000s\000k\000\351\000k\000\040\000k\000\366\000l\000c\000s\000\366\000n\000h\000a\000t\000\341\000s\000a\000\040\000a\000z\000\040\000a\000n\000y\000a\000g\000g\000a\000l}{subsection.13.5}% 269
\BOOKMARK [3][-]{subsubsection.13.5.2}{\376\377\000L\000i\000n\000e\000\341\000r\000i\000s\000\040\000e\000n\000e\000r\000g\000i\000a\000\341\000t\000a\000d\000\341\000s}{subsection.13.5}% 270
\BOOKMARK [3][-]{subsubsection.13.5.3}{\376\377\000B\000e\000h\000a\000t\000o\000l\000\341\000s\000i\000\040\000m\000\351\000l\000y\000s\000\351\000g}{subsection.13.5}% 271
\BOOKMARK [2][-]{subsection.13.6}{\376\377\000R\000a\000d\000i\000o\000a\000k\000t\000\355\000v\000\040\000b\000o\000m\000l\000\341\000s\000o\000k\000,\000\040\000m\000a\000g\000\341\000t\000a\000l\000a\000k\000u\000l\000\341\000s\000o\000k}{section.13}% 272
\BOOKMARK [3][-]{subsubsection.13.6.1}{\376\377\000A\000l\000f\000a\000-\000\040\000b\000\351\000t\000a\000-\000\040\000g\000a\000m\000m\000a\000-\000s\000u\000g\000\341\000r\000z\000\341\000s\000o\000k}{subsection.13.6}% 273
\BOOKMARK [3][-]{subsubsection.13.6.2}{\376\377\000A\000l\000f\000a\000-\000r\000\351\000s\000z\000e\000c\000s\000k\000e\000,\000\040\000a\000l\000f\000a\000-\000s\000u\000g\000\341\000r\000z\000\341\000s}{subsection.13.6}% 274
\BOOKMARK [3][-]{subsubsection.13.6.3}{\376\377\000B\000e\000t\000a\000-\000r\000\351\000s\000z\000e\000c\000s\000k\000e\000,\000\040\000b\000e\000t\000a\000-\000s\000u\000g\000\341\000r\000z\000\341\000s}{subsection.13.6}% 275
\BOOKMARK [3][-]{subsubsection.13.6.4}{\376\377\000G\000a\000m\000m\000a\000-\000b\000o\000m\000l\000\341\000s}{subsection.13.6}% 276
\BOOKMARK [3][-]{subsubsection.13.6.5}{\376\377\000A\000\040\000r\000a\000d\000i\000o\000a\000k\000t\000i\000v\000i\000t\000\341\000s\000\040\000j\000e\000l\000l\000e\000m\000z\001\121\000\040\000m\000e\000n\000n\000y\000i\000s\000\351\000g\000e\000i}{subsection.13.6}% 277
\BOOKMARK [2][-]{subsection.13.7}{\376\377\000E\000l\000e\000m\000i\000\040\000r\000\351\000s\000z\000e\000c\000s\000k\000\351\000k\000\040\000\351\000s\000\040\000a\000l\000a\000p\000v\000e\000t\001\121\000\040\000k\000\366\000l\000c\000s\000\366\000n\000h\000a\000t\000\341\000s\000o\000k\000\040\000k\000i\000s\000e\000r\000l\000e\000t\000i\000a\000t\000o\000m\000f\000i\000z\000i\000k\000a}{section.13}% 278
\BOOKMARK [3][-]{subsubsection.13.7.1}{\376\377\000T\000\366\000r\000t\000\351\000n\000e\000l\000m\000i\000\040\000e\000l\001\121\000z\000m\000\351\000n\000y}{subsection.13.7}% 279
\BOOKMARK [3][-]{subsubsection.13.7.2}{\376\377\000R\000\351\000s\000z\000e\000c\000s\000k\000\351\000k\000\040\000o\000s\000z\000t\000\341\000l\000y\000o\000z\000\341\000s\000a}{subsection.13.7}% 280
\BOOKMARK [3][-]{subsubsection.13.7.3}{\376\377\000L\000e\000p\000t\000o\000n\000o\000k}{subsection.13.7}% 281
\BOOKMARK [3][-]{subsubsection.13.7.4}{\376\377\000H\000a\000d\000r\000o\000n\000o\000k}{subsection.13.7}% 282
\BOOKMARK [3][-]{subsubsection.13.7.5}{\376\377\000K\000v\000a\000r\000k\000o\000k}{subsection.13.7}% 283
\BOOKMARK [3][-]{subsubsection.13.7.6}{\376\377\000K\000\366\000l\000c\000s\000\366\000n\000h\000a\000t\000\341\000s\000o\000k}{subsection.13.7}% 284
\BOOKMARK [2][-]{subsection.13.8}{\376\377\000K\000\355\000s\000\351\000r\000l\000e\000t\000i\000\040\000e\000s\000z\000k\000\366\000z\000\366\000k}{section.13}% 285
\BOOKMARK [3][-]{subsubsection.13.8.1}{\376\377\000G\000\341\000z\000t\000\366\000l\000t\000\351\000s\001\161\000\040\000s\000z\000\341\000m\000l\000\341\000l\000\363\000k}{subsection.13.8}% 286
\BOOKMARK [3][-]{subsubsection.13.8.2}{\376\377\000S\000z\000c\000i\000n\000t\000i\000l\000l\000\341\000c\000i\000\363\000s\000\040\000s\000z\000\341\000m\000l\000\341\000l\000\363\000k}{subsection.13.8}% 287
\BOOKMARK [3][-]{subsubsection.13.8.3}{\376\377\000F\000\351\000l\000v\000e\000z\000e\000t\001\121\000\040\000d\000s\000e\000t\000e\000k\000t\000o\000r\000o\000k}{subsection.13.8}% 288
\BOOKMARK [3][-]{subsubsection.13.8.4}{\376\377\000C\000s\000e\000r\000e\000n\000k\000o\000v\000-\000s\000z\000\341\000m\000l\000\341\000l\000\363\000k}{subsection.13.8}% 289
\BOOKMARK [3][-]{subsubsection.13.8.5}{\376\377\000R\000\351\000s\000z\000e\000c\000s\000k\000e\000n\000y\000o\000m\000-\000d\000e\000t\000e\000k\000t\000o\000r\000o\000k\000\040\000\050\000v\000i\000z\000u\000\341\000l\000i\000s\000\040\000d\000e\000t\000e\000k\000t\000o\000r\000o\000k\000\051}{subsection.13.8}% 290
\BOOKMARK [3][-]{subsubsection.13.8.6}{\376\377\000e\000l\000e\000k\000t\000r\000o\000s\000z\000t\000a\000t\000i\000k\000u\000s\000\040\000r\000\351\000s\000z\000e\000c\000s\000k\000e\000g\000y\000o\000r\000s\000\355\000t\000\363\000k\000\040\000-\000\040\000V\000a\000n\000\040\000d\000e\000\040\000G\000r\000a\000a\000f\000f\000-\000g\000y\000o\000r\000s\000\355\000t\000\363}{subsection.13.8}% 291
\BOOKMARK [3][-]{subsubsection.13.8.7}{\376\377\000L\000i\000n\000e\000\341\000r\000i\000s\000\040\000R\000e\000z\000o\000n\000a\000n\000c\000i\000a\000\040\000G\000y\000o\000r\000s\000\355\000t\000\363\000\040\000\050\000L\000i\000n\000a\000c\000\051}{subsection.13.8}% 292
\BOOKMARK [3][-]{subsubsection.13.8.8}{\376\377\000C\000i\000k\000l\000o\000t\000r\000o\000n}{subsection.13.8}% 293
\BOOKMARK [3][-]{subsubsection.13.8.9}{\376\377\000C\000E\000R\000N}{subsection.13.8}% 294
\BOOKMARK [1][-]{section.14}{\376\377\000A\000\040\000t\000e\000r\000m\000o\000d\000i\000n\000a\000m\000i\000k\000a\000\040\000s\000t\000a\000t\000i\000s\000z\000t\000i\000k\000u\000s\000\040\000a\000l\000a\000p\000o\000z\000\341\000s\000a\000s\000t\000a\000t\000f\000i\000z}{}% 295
\BOOKMARK [2][-]{subsection.14.1}{\376\377\000B\000e\000v\000e\000z\000e\000t\000\351\000s\000\040\000a\000\040\000s\000t\000a\000t\000i\000s\000z\000t\000i\000k\000u\000s\000\040\000m\000\363\000d\000s\000z\000e\000r\000e\000k\000b\000e}{section.14}% 296
\BOOKMARK [2][-]{subsection.14.2}{\376\377\000M\000i\000k\000r\000o\000\341\000l\000l\000a\000p\000o\000t\000o\000k\000\040\000f\000o\000g\000a\000l\000m\000a}{section.14}% 297
\BOOKMARK [2][-]{subsection.14.3}{\376\377\000M\000i\000k\000r\000o\000k\000a\000n\000o\000n\000i\000k\000u\000s\000,\000\040\000k\000a\000n\000o\000n\000i\000k\000u\000s\000,\000\040\000n\000a\000g\000y\000k\000a\000n\000o\000n\000i\000k\000u\000s\000\040\000s\000o\000k\000a\000s\000\341\000g}{section.14}% 298
\BOOKMARK [3][-]{subsubsection.14.3.1}{\376\377\000G\000i\000b\000b\000s\000-\000f\000\351\000l\000e\000\040\000s\000o\000k\000a\000s\000\341\000g\000o\000k\000,\000\040\000E\000r\000g\000o\000d\000i\000k\000u\000s\000\040\000h\000i\000p\000o\000t\000\351\000z\000i\000s}{subsection.14.3}% 299
\BOOKMARK [3][-]{subsubsection.14.3.2}{\376\377\000M\000i\000k\000r\000o\000k\000a\000n\000o\000n\000i\000k\000u\000s\000\040\000s\000o\000k\000a\000s\000\341\000g}{subsection.14.3}% 300
\BOOKMARK [3][-]{subsubsection.14.3.3}{\376\377\000K\000a\000n\000o\000n\000i\000k\000u\000s\000\040\000s\000o\000k\000a\000s\000\341\000g}{subsection.14.3}% 301
\BOOKMARK [3][-]{subsubsection.14.3.4}{\376\377\000N\000a\000g\000y\000k\000a\000n\000o\000n\000i\000k\000u\000s\000\040\000s\000o\000k\000a\000s\000\341\000g}{subsection.14.3}% 302
\BOOKMARK [3][-]{subsubsection.14.3.5}{\376\377\000T\000-\000p\000\040\000s\000o\000k\000a\000s\000\341\000g}{subsection.14.3}% 303
\BOOKMARK [2][-]{subsection.14.4}{\376\377\000B\000o\000l\000t\000z\000m\000a\000n\000n\000-\000e\000n\000t\000r\000\363\000p\000i\000a}{section.14}% 304
\BOOKMARK [3][-]{subsubsection.14.4.1}{\376\377\000E\000g\000y\000s\000z\000e\000r\001\161\000\040\000a\000l\000k\000a\000l\000m\000a\000z\000\341\000s\000o\000k}{subsection.14.4}% 305
\BOOKMARK [2][-]{subsection.14.5}{\376\377\000M\000a\000x\000w\000e\000l\000l\000-\000B\000o\000l\000t\000z\000m\000a\000n\000n\000\040\000s\000t\000a\000t\000i\000s\000z\000t\000i\000k\000a\000,\000\040\000M\000a\000x\000w\000e\000l\000l\000-\000f\000\351\000l\000e\000\040\000s\000e\000b\000e\000s\000s\000\351\000g\000e\000l\000o\000s\000z\000l\000\341\000s}{section.14}% 306
\BOOKMARK [3][-]{subsubsection.14.5.1}{\376\377\000\301\000l\000l\000a\000p\000o\000t\000\366\000s\000s\000z\000e\000g}{subsection.14.5}% 307
\BOOKMARK [3][-]{subsubsection.14.5.2}{\376\377\000M\000a\000x\000w\000e\000l\000l\000-\000f\000\351\000l\000e\000\040\000s\000e\000b\000e\000s\000s\000\351\000g\000e\000l\000o\000s\000z\000l\000\341\000s\000t\000h\000e\000r\000m\000s\000t\000a\000t}{subsection.14.5}% 308
\BOOKMARK [1][-]{section.15}{\376\377\000K\000v\000a\000n\000t\000u\000m\000s\000t\000a\000t\000i\000s\000z\000t\000i\000k\000\341\000k\000s\000t\000a\000t\000f\000i\000z}{}% 309
\BOOKMARK [2][-]{subsection.15.1}{\376\377\000I\000d\000e\000\341\000l\000i\000s\000\040\000k\000v\000a\000n\000t\000u\000m\000g\000\341\000z\000o\000k\000:\000\040\000B\000o\000s\000e\040\023\000E\000i\000n\000s\000t\000e\000i\000n\000\040\000\351\000s\000\040\000F\000e\000r\000m\000i\040\023\000D\000i\000r\000a\000c\000\040\000s\000t\000a\000t\000i\000s\000z\000t\000i\000k\000a}{section.15}% 310
\BOOKMARK [3][-]{subsubsection.15.1.1}{\376\377\000A\000\040\000B\000o\000s\000e\040\023\000E\000i\000n\000s\000t\000e\000i\000n\000\040\000s\000t\000a\000t\000i\000s\000z\000t\000i\000k\000a}{subsection.15.1}% 311
\BOOKMARK [3][-]{subsubsection.15.1.2}{\376\377\000F\000e\000r\000m\000i\000-\000D\000i\000r\000a\000c\000\040\000S\000t\000a\000t\000i\000s\000z\000t\000i\000k\000a}{subsection.15.1}% 312
\BOOKMARK [3][-]{subsubsection.15.1.3}{\376\377\000\301\000l\000l\000a\000p\000o\000t\000s\001\161\000r\001\161\000s\000\351\000g\000\040\000i\000d\000e\000\341\000l\000i\000s\000\040\000k\000v\000a\000n\000t\000u\000m\000g\000\341\000z\000o\000k\000\040\000e\000s\000e\000t\000\351\000n}{subsection.15.1}% 313
\BOOKMARK [3][-]{subsubsection.15.1.4}{\376\377\000F\000o\000l\000y\000t\000o\000n\000o\000s\000\040\000e\000n\000e\000r\000g\000i\000a\000\040\000s\000p\000e\000k\000t\000r\000u\000m}{subsection.15.1}% 314
\BOOKMARK [2][-]{subsection.15.2}{\376\377\000F\000e\000r\000m\000i\000-\000r\000e\000n\000d\000s\000z\000e\000r\000\040\000T\000=\0000\000\040\000h\001\121\000m\000\351\000r\000s\000\351\000k\000l\000e\000t\000\040\000k\000\366\000z\000e\000l\000\351\000b\000e\000n\000\040\000\050\000d\000e\000g\000e\000n\000e\000r\000\341\000l\000t\000\040\000F\000e\000r\000m\000i\000-\000g\000\341\000z\000\051\000,\000\040\000p\000\351\000l\000d\000a\000\040\000d\000e\000g\000e\000n\000e\000r\000\341\000l\000t\000\040\000F\000e\000r\000m\000i\000-\000g\000\341\000z\000r\000a\000:\000\040\000d\000e\000l\000o\000k\000a\000l\000i\000z\000\341\000l\000t\000\040\000e\000l\000e\000k\000t\000r\000o\000n\000o\000k\000\040\000f\000\351\000m\000e\000k\000b\000e\000n}{section.15}% 315
\BOOKMARK [3][-]{subsubsection.15.2.1}{\376\377\000F\000e\000r\000m\000i\000-\000g\000\341\000z}{subsection.15.2}% 316
\BOOKMARK [2][-]{subsection.15.3}{\376\377\000F\000e\000r\000m\000i\040\023\000D\000i\000r\000a\000c\000-\000\040\000\351\000s\000\040\000B\000o\000s\000e\040\023\000E\000i\000n\000s\000t\000e\000i\000n\000-\000s\000t\000a\000t\000i\000s\000z\000t\000i\000k\000a\000\040\000m\000a\000g\000a\000s\000h\001\121\000m\000\351\000r\000s\000\351\000k\000l\000e\000t\000i\000\040\000h\000a\000t\000\341\000r\000e\000s\000e\000t\000e\000\040\000\050\000M\000a\000x\000w\000e\000l\000l\040\023\000B\000o\000l\000t\000z\000m\000a\000n\000n\000\040\000s\000t\000a\000t\000i\000s\000z\000t\000i\000k\000a\000\051\000.}{section.15}% 317
\BOOKMARK [3][-]{subsubsection.15.3.1}{\376\377\000G\000i\000b\000b\000s\000-\000p\000a\000r\000a\000d\000o\000x\000o\000n}{subsection.15.3}% 318
\BOOKMARK [1][-]{section.16}{\376\377\000M\000\341\000g\000n\000e\000s\000e\000s\000\040\000r\000e\000n\000d\000s\000z\000e\000r\000e\000k\000s\000o\000l\000i\000d\000s\000t\000a\000t\000e}{}% 319
\BOOKMARK [2][-]{subsection.16.1}{\376\377\000A\000t\000o\000m\000i\000\040\000p\000a\000r\000a\000m\000\341\000g\000n\000e\000s\000s\000\351\000g\000,\000\040\000a\000t\000o\000m\000i\000\040\000d\000i\000a\000m\000\341\000g\000n\000e\000s\000s\000\351\000g}{section.16}% 320
\BOOKMARK [3][-]{subsubsection.16.1.1}{\376\377\000K\000v\000a\000n\000t\000u\000m\000o\000s\000\040\000P\000a\000r\000a\000m\000\341\000g\000n\000e\000s\000e\000s\000s\000\351\000g}{subsection.16.1}% 321
\BOOKMARK [3][-]{subsubsection.16.1.2}{\376\377\000C\000u\000r\000i\000e\000-\000W\000e\000i\000s\000s\000\040\000t\000\366\000r\000v\000\351\000n\000y\000,\000\040\000h\000i\000s\000z\000t\000e\000r\000\351\000z\000i\000s\000\040\000\351\000s\000\040\000f\000e\000r\000r\000o\000m\000\341\000g\000n\000e\000s\000s\000\351\000g}{subsection.16.1}% 322
\BOOKMARK [3][-]{subsubsection.16.1.3}{\376\377\000L\000a\000n\000d\000a\000u\000-\000e\000l\000m\000\351\000l\000e\000t}{subsection.16.1}% 323
\BOOKMARK [3][-]{subsubsection.16.1.4}{\376\377\000\326\000s\000s\000z\000e\000f\000o\000g\000l\000a\000l\000\341\000s}{subsection.16.1}% 324
\BOOKMARK [2][-]{subsection.16.2}{\376\377\000P\000a\000u\000l\000i\000-\000s\000z\000u\000s\000z\000c\000e\000p\000t\000i\000b\000i\000l\000i\000t\000\341\000s\000,\000\040\000L\000a\000n\000d\000a\000u\000-\000d\000i\000a\000m\000\341\000g\000n\000e\000s\000s\000\351\000g}{section.16}% 325
\BOOKMARK [3][-]{subsubsection.16.2.1}{\376\377\000P\000a\000u\000l\000i\000-\000s\000z\000u\000s\000z\000c\000e\000p\000t\000i\000b\000i\000l\000i\000t\000\341\000s}{subsection.16.2}% 326
\BOOKMARK [3][-]{subsubsection.16.2.2}{\376\377\000L\000a\000n\000d\000a\000u\000-\000D\000i\000a\000m\000\341\000g\000n\000e\000s\000s\000\351\000g}{subsection.16.2}% 327
\BOOKMARK [2][-]{subsection.16.3}{\376\377\000F\000e\000r\000r\000o\000-\000,\000\040\000a\000n\000t\000i\000f\000e\000r\000r\000o\000-\000\040\000\351\000s\000\040\000f\000e\000r\000r\000i\000m\000\341\000g\000n\000e\000s\000e\000s\000\040\000a\000n\000y\000a\000g\000o\000k}{section.16}% 328
\BOOKMARK [3][-]{subsubsection.16.3.1}{\376\377\000F\000e\000r\000r\000o\000m\000\341\000g\000n\000e\000s\000e\000s\000\040\000a\000n\000y\000a\000g\000o\000k}{subsection.16.3}% 329
\BOOKMARK [3][-]{subsubsection.16.3.2}{\376\377\000F\000e\000r\000r\000i\000m\000\341\000g\000n\000e\000s\000e\000s\000\040\000A\000n\000y\000a\000g\000o\000k}{subsection.16.3}% 330
\BOOKMARK [3][-]{subsubsection.16.3.3}{\376\377\000A\000n\000t\000i\000f\000e\000r\000r\000o\000m\000\341\000g\000n\000e\000s\000e\000s\000\040\000a\000n\000y\000a\000g\000o\000k}{subsection.16.3}% 331
\BOOKMARK [3][-]{subsubsection.16.3.4}{\376\377\000M\000\341\000g\000n\000e\000s\000e\000s\000\040\000d\000o\000m\000a\000i\000n\000-\000e\000k}{subsection.16.3}% 332
\BOOKMARK [2][-]{subsection.16.4}{\376\377\000S\000z\000u\000p\000r\000a\000v\000e\000z\000e\000t\000\351\000s}{section.16}% 333
\BOOKMARK [1][-]{section.17}{\376\377\000K\000r\000i\000s\000t\000\341\000l\000y\000o\000s\000\040\000a\000n\000y\000a\000g\000o\000k\000\040\000f\000i\000z\000i\000k\000\341\000j\000a\000s\000o\000l\000i\000d\000s\000t\000a\000t\000e}{}% 334
\BOOKMARK [2][-]{subsection.17.1}{\376\377\000S\000z\000i\000m\000m\000e\000t\000r\000i\000\341\000k\000,\000\040\000p\000o\000n\000t\000c\000s\000o\000p\000o\000r\000t\000o\000k\000,\000\040\000B\000r\000a\000v\000a\000i\000s\000-\000r\000\341\000c\000s\000o\000k}{section.17}% 335
\BOOKMARK [2][-]{subsection.17.2}{\376\377\000D\000i\000f\000f\000r\000a\000k\000c\000i\000\363\000,\000\040\000k\000i\000n\000e\000m\000a\000t\000i\000k\000u\000s\000\040\000e\000l\000m\000\351\000l\000e\000t}{section.17}% 336
\BOOKMARK [3][-]{subsubsection.17.2.1}{\376\377\000E\000w\000a\000l\000d\000\040\000G\000\366\000m\000b}{subsection.17.2}% 337
\BOOKMARK [3][-]{subsubsection.17.2.2}{\376\377\000B\000r\000a\000g\000g\000-\000f\000e\000l\000t\000\351\000t\000e\000l}{subsection.17.2}% 338
\BOOKMARK [2][-]{subsection.17.3}{\376\377\000E\000l\000e\000k\000t\000r\000o\000n\000o\000p\000t\000i\000k\000a\000,\000\040\000e\000l\000e\000k\000t\000r\000o\000n\000m\000i\000k\000r\000o\000s\000z\000k\000\363\000p}{section.17}% 339
\BOOKMARK [3][-]{subsubsection.17.3.1}{\376\377\000A\000l\000a\000g\000\372\000t\000m\000i\000k\000r\000o\000s\000z\000k\000\363\000p}{subsection.17.3}% 340
\BOOKMARK [2][-]{subsection.17.4}{\376\377\000R\000\341\000c\000s\000r\000e\000z\000g\000\351\000s\000e\000k\000\040\000t\000e\000r\000m\000i\000k\000u\000s\000\040\000h\000a\000t\000\341\000s\000a\000i}{section.17}% 341
\BOOKMARK [3][-]{subsubsection.17.4.1}{\376\377\000e\000g\000y\000a\000t\000o\000m\000o\000s\000\040\000l\000i\000n\000e\000\341\000r\000i\000s\000\040\000l\000\341\000n\000c}{subsection.17.4}% 342
\BOOKMARK [3][-]{subsubsection.17.4.2}{\376\377\000k\000\351\000t\000a\000t\000o\000m\000o\000s\000\040\000l\000i\000n\000e\000\341\000r\000i\000s\000\040\000l\000\341\000n\000c}{subsection.17.4}% 343
\BOOKMARK [3][-]{subsubsection.17.4.3}{\376\377\000\301\000l\000t\000a\000l\000\341\000n\000o\000s\000\040\000R\000e\000z\000g\000\351\000s\000e\000k\000\040\000K\000r\000i\000s\000t\000\341\000l\000y\000o\000k\000b\000a\000n}{subsection.17.4}% 344
\BOOKMARK [3][-]{subsubsection.17.4.4}{\376\377\000R\000e\000z\000g\000\351\000s\000e\000k\000\040\000\351\000s\000\040\000h\001\121\000m\000\351\000r\000s\000\351\000k\000l\000e\000t\000\040\000k\000a\000p\000c\000s\000o\000l\000a\000t\000a}{subsection.17.4}% 345
\BOOKMARK [2][-]{subsection.17.5}{\376\377\000S\000\341\000v\000s\000z\000e\000r\000k\000e\000z\000e\000t}{section.17}% 346
\BOOKMARK [3][-]{subsubsection.17.5.1}{\376\377\000E\000l\000e\000k\000t\000r\000o\000n\000\040\000p\000e\000r\000i\000o\000d\000i\000k\000u\000s\000\040\000t\000\351\000r\000b\000e\000n}{subsection.17.5}% 347
\BOOKMARK [3][-]{subsubsection.17.5.2}{\376\377\000K\000v\000\341\000z\000i\000s\000z\000a\000b\000a\000d\000\040\000e\000l\000e\000k\000t\000r\000o\000n}{subsection.17.5}% 348
\BOOKMARK [3][-]{subsubsection.17.5.3}{\376\377\000A\000n\000y\000a\000g\000o\000k\000\040\000s\000\341\000v\000s\000z\000e\000r\000k\000e\000z\000e\000t\000e}{subsection.17.5}% 349
\BOOKMARK [2][-]{subsection.17.6}{\376\377\000F\000\351\000l\000v\000e\000z\000e\000t\001\121\000k}{section.17}% 350
\BOOKMARK [3][-]{subsubsection.17.6.1}{\376\377\000F\000\351\000l\000v\000e\000z\000e\000t\001\121\000k\000\040\000m\001\161\000k\000\366\000d\000\351\000s\000e}{subsection.17.6}% 351
\BOOKMARK [3][-]{subsubsection.17.6.2}{\376\377\000P\000N\000-\000\341\000t\000m\000e\000n\000e\000t}{subsection.17.6}% 352
\BOOKMARK [3][-]{subsubsection.17.6.3}{\376\377\000T\000r\000a\000n\000z\000i\000s\000z\000t\000o\000r\000\040\000\341\000r\000a\000m\000k\000\366\000r\000i\000\040\000s\000z\000e\000r\000e\000p\000e}{subsection.17.6}% 353
\BOOKMARK [1][-]{section.18}{\376\377\000A\000z\000\040\000a\000s\000z\000t\000r\000o\000f\000i\000z\000i\000k\000a\000\040\000a\000l\000a\000p\000j\000a\000i}{}% 354
\BOOKMARK [2][-]{subsection.18.1}{\376\377\000A\000z\000\040\001\121\000s\000r\000o\000b\000b\000a\000n\000\341\000s\000\040\000e\000l\000m\000\351\000l\000e\000t\000\040\000a\000l\000a\000p\000v\000e\000t\001\121\000\040\000f\000e\000l\000t\000e\000v\000\351\000s\000e\000i\000,\000\040\000a\000\040\000H\000u\000b\000b\000l\000e\000-\000t\000\366\000r\000v\000\351\000n\000y\000,\000\040\000F\000r\000i\000e\000d\000m\000a\000n\000n\000-\000e\000g\000y\000e\000n\000l\000e\000t\000e\000k\000\040\000s\000z\000e\000m\000l\000\351\000l\000e\000t\000e\000s\000\040\000\351\000r\000t\000e\000l\000m\000e\000\040\000i\000n\000f\000l\000a\000t\000i\000o\000n\000c\000o\000s\000m\000o\000l\000o\000g\000y}{section.18}% 355
\BOOKMARK [3][-]{subsubsection.18.1.1}{\376\377\000A\000\040\000k\000o\000z\000m\000o\000l\000\363\000g\000i\000a\000i\000\040\000e\000l\000v}{subsection.18.1}% 356
\BOOKMARK [3][-]{subsubsection.18.1.2}{\376\377\000H\000i\000d\000r\000o\000d\000i\000n\000a\000m\000i\000k\000a\000i\000\040\000k\000\366\000z\000e\000l\000\355\000t\000\351\000s}{subsection.18.1}% 357
\BOOKMARK [3][-]{subsubsection.18.1.3}{\376\377\000\301\000l\000t\000a\000l\000\341\000n\000o\000s\000\040\000r\000e\000l\000a\000t\000i\000v\000i\000t\000\341\000s\000e\000l\000m\000\351\000l\000e\000t}{subsection.18.1}% 358
\BOOKMARK [3][-]{subsubsection.18.1.4}{\376\377\000E\000i\000n\000s\000t\000e\000i\000n\000-\000e\000g\000y\000e\000n\000l\000e\000t}{subsection.18.1}% 359
\BOOKMARK [3][-]{subsubsection.18.1.5}{\376\377\000F\000r\000i\000e\000d\000m\000a\000n\000n\000-\000e\000g\000y\000e\000n\000l\000e\000t\000e\000k\000\040\000m\000e\000g\000o\000l\000d\000\341\000s\000a\000i\000\040\000\351\000s\000\040\000a\000\040\000H\000u\000b\000b\000l\000e\000-\000p\000a\000r\000a\000m\000\351\000t\000e\000r}{subsection.18.1}% 360
\BOOKMARK [3][-]{subsubsection.18.1.6}{\376\377\000S\000u\000g\000\341\000r\000z\000\341\000s\000\040\000\351\000s\000\040\000a\000n\000y\000a\000g\000\040\000d\000o\000m\000i\000n\000\341\000l\000t\000\040\000u\000n\000i\000v\000e\000r\000z\000u\000m}{subsection.18.1}% 361
\BOOKMARK [3][-]{subsubsection.18.1.7}{\376\377\000K\000o\000z\000m\000o\000l\000\363\000g\000i\000a\000i\000\040\000\301\000l\000l\000a\000n\000d\000\363}{subsection.18.1}% 362
\BOOKMARK [3][-]{subsubsection.18.1.8}{\376\377\000A\000z\000\040\000u\000n\000i\000v\000e\000r\000z\000u\000m\000\040\000f\000e\000j\000l\001\121\000d\000\351\000s\000e\000\040\000a\000\040\000k\000o\000z\000m\000o\000l\000\363\000g\000i\000a\000i\000\040\000p\000a\000r\000a\000m\000\351\000t\000e\000r\000e\000k\000\040\000f\000\374\000g\000g\000v\000\351\000n\000y\000\351\000b\000e\000n}{subsection.18.1}% 363
\BOOKMARK [3][-]{subsubsection.18.1.9}{\376\377\000A\000z\000\040\000u\000n\000i\000v\000e\000r\000z\000u\000m\000\040\000f\000e\000j\000l\001\121\000d\000\351\000s\000e\000\040\000a\000\040\000k\000o\000z\000m\000o\000l\000\363\000g\000i\000a\000i\000\040\000p\000a\000r\000a\000m\000\351\000t\000e\000r\000e\000k\000\040\000f\000\374\000g\000g\000v\000\351\000n\000y\000\351\000b\000e\000n}{subsection.18.1}% 364
\BOOKMARK [3][-]{subsubsection.18.1.10}{\376\377\000A\000z\000\040\000e\000l\000m\000\351\000l\000e\000t\000e\000t\000\040\000a\000l\000\341\000t\000\341\000m\000a\000s\000z\000t\000\363\000\040\000m\000e\000g\000f\000i\000g\000y\000e\000l\000\351\000s\000e\000k}{subsection.18.1}% 365
\BOOKMARK [3][-]{subsubsection.18.1.11}{\376\377\000P\000r\000o\000b\000l\000\351\000m\000\341\000k\000\040\000a\000z\000\040\000e\000l\000m\000\351\000l\000e\000t\000t\000e\000l}{subsection.18.1}% 366
\BOOKMARK [3][-]{subsubsection.18.1.12}{\376\377\000I\000n\000f\000l\000\341\000c\000i\000\363}{subsection.18.1}% 367
\BOOKMARK [2][-]{subsection.18.2}{\376\377\000G\000a\000l\000a\000x\000i\000s\000o\000k\000\040\000k\000i\000a\000l\000a\000k\000u\000l\000\341\000s\000a\000,\000\040\000m\000o\000r\000f\000o\000l\000\363\000g\000i\000\341\000j\000a}{section.18}% 368
\BOOKMARK [3][-]{subsubsection.18.2.1}{\376\377\000G\000a\000l\000a\000x\000i\000s\000o\000k\000\040\000t\000u\000l\000a\000j\000d\000o\000n\000s\000\341\000g\000a\000i}{subsection.18.2}% 369
\BOOKMARK [3][-]{subsubsection.18.2.2}{\376\377\000G\000a\000l\000a\000x\000i\000s\000o\000k\000\040\000k\000l\000a\000s\000s\000z\000i\000f\000i\000k\000\341\000c\000i\000\363\000j\000a}{subsection.18.2}% 370
\BOOKMARK [3][-]{subsubsection.18.2.3}{\376\377\000G\000a\000l\000a\000x\000i\000s\000o\000k\000\040\000k\000i\000a\000l\000a\000k\000u\000l\000\341\000s\000a\000\040\000g\000a\000l\000a\000x\000y\000f\000o\000r\000m\000a\000t\000i\000o\000n}{subsection.18.2}% 371
\BOOKMARK [2][-]{subsection.18.3}{\376\377\000A\000\040\000H\000R\000\040\000d\000i\000a\000g\000r\000a\000m\000\040\000\351\000s\000\040\000a\000\040\000c\000s\000i\000l\000l\000a\000g\000f\000e\000j\000l\001\121\000d\000\351\000s\000\040\000s\000z\000e\000m\000l\000\351\000l\000e\000t\000e\000s\000\040\000k\000\351\000p\000e\000,\000\040\000c\000s\000i\000l\000l\000a\000g\000o\000k\000\040\000e\000n\000e\000r\000g\000i\000a\000t\000e\000r\000m\000e\000l\000\351\000s\000e}{section.18}% 372
\BOOKMARK [3][-]{subsubsection.18.3.1}{\376\377\000C\000s\000i\000l\000l\000a\000g\000f\000e\000j\000l\001\121\000d\000\351\000s\000,\000\040\000K\000o\000m\000p\000a\000k\000t\000\040\000o\000b\000j\000e\000k\000t\000u\000m\000o\000k\000:\000\040\000f\000e\000h\000\351\000r\000\040\000t\000\366\000r\000p\000\351\000k\000,\000\040\000n\000e\000u\000t\000r\000o\000n\000c\000s\000i\000l\000l\000a\000g\000o\000k\000,\000\040\000f\000e\000k\000e\000t\000e\000\040\000l\000y\000u\000k\000a\000k}{subsection.18.3}% 373
\BOOKMARK [3][-]{subsubsection.18.3.2}{\376\377\000A\000\040\000c\000s\000i\000l\000l\000a\000g\000o\000k\000\040\000e\000n\000e\000r\000g\000i\000a\000t\000e\000r\000m\000e\000l\000\351\000s\000e}{subsection.18.3}% 374
\BOOKMARK [2][-]{subsection.18.4}{\376\377\000M\000e\000g\000f\000i\000g\000y\000e\000l\000\351\000s\000\040\000a\000l\000a\000p\000j\000a\000i\000:\000\040\000l\000u\000m\000i\000n\000o\000z\000i\000t\000\341\000s\000,\000\040\000m\000a\000g\000n\000i\000t\000\372\000d\000\363\000,\000\040\000v\000\366\000r\000\366\000s\000e\000l\000t\000o\000l\000\363\000d\000\341\000s\000\040\000g\000a\000l\000a\000x\000y\000f\000o\000r\000m\000a\000t\000i\000o\000n}{section.18}% 375
\BOOKMARK [3][-]{subsubsection.18.4.1}{\376\377\000l\000u\000m\000i\000n\000o\000z\000i\000t\000\341\000s\000,\000\040\000f\000l\000u\000x\000u\000s\000,\000\040\000f\000e\000l\000\374\000l\000e\000t\000i\000\040\000f\000\351\000n\000y\000e\000s\000s\000\351\000g}{subsection.18.4}% 376
\BOOKMARK [3][-]{subsubsection.18.4.2}{\376\377\000H\000u\000l\000l\000\341\000m\000s\000\341\000v\000o\000k\000\040\000\351\000s\000\040\000s\000\341\000v\000s\000z\000\351\000l\000e\000s\000s\000\351\000g}{subsection.18.4}% 377
\BOOKMARK [3][-]{subsubsection.18.4.3}{\376\377\000M\000a\000g\000n\000i\000t\000\372\000d\000\363\000\040\000\351\000s\000\040\000s\000z\000\355\000n}{subsection.18.4}% 378
\BOOKMARK [1][-]{section*.522}{\376\377\000I\000r\000o\000d\000a\000l\000o\000m\000j\000e\000g\000y\000z\000\351\000k}{}% 379
