\BOOKMARK [2][-]{subsection.0.1}{\376\377\000T\000e\000r\000m\000o\000d\000i\000n\000a\000m\000i\000k\000a\000i\000\040\000\341\000l\000l\000a\000p\000o\000t\000j\000e\000l\000z\001\121\000k\000,\000\040\000h\001\121\000t\000\341\000g\000u\000l\000\341\000s\000,\000\040\000i\000d\000e\000\341\000l\000i\000s\000\040\000g\000\341\000z\000,\000\040\000k\000i\000n\000e\000t\000i\000k\000u\000s\000\040\000m\000o\000d\000e\000l\000l}{}% 1
\BOOKMARK [3][-]{subsubsection.0.1.1}{\376\377\000T\000e\000r\000m\000o\000d\000i\000n\000a\000m\000i\000k\000a\000i\000\040\000\341\000l\000l\000a\000p\000o\000t\000j\000e\000l\000z\001\121\000k}{subsection.0.1}% 2
\BOOKMARK [3][-]{subsubsection.0.1.2}{\376\377\000H\001\121\000t\000\341\000g\000u\000l\000\341\000s\000,\000\040\000K\000o\000m\000p\000r\000e\000s\000s\000z\000i\000b\000i\000l\000i\000t\000\341\000s\000,\000\040\000F\000e\000s\000z\000\374\000l\000t\000s\000\351\000g}{subsection.0.1}% 3
\BOOKMARK [3][-]{subsubsection.0.1.3}{\376\377\000K\000i\000n\000e\000t\000i\000k\000u\000s\000\040\000G\000\341\000z\000e\000l\000m\000\351\000l\000e\000t\000\040\000-\000\040\000K\000i\000n\000e\000t\000i\000k\000u\000s\000\040\000m\000o\000d\000e\000l\000l}{subsection.0.1}% 4
\BOOKMARK [2][-]{subsection.0.2}{\376\377\000N\000y\000\355\000l\000t\000\040\000\351\000s\000\040\000z\000\341\000r\000t\000\040\000f\000o\000l\000y\000a\000m\000a\000t\000o\000k\000,\000\040\000C\000a\000r\000n\000o\000t\000-\000f\000o\000l\000y\000a\000m\000a\000t\000,\000\040\000F\001\121\000t\000\351\000t\000e\000l\000e\000k}{}% 5
\BOOKMARK [3][-]{subsubsection.0.2.1}{\376\377\000T\000e\000m\000o\000d\000i\000n\000a\000m\000i\000k\000a\000\040\000I\000.\000\040\000f\001\121\000t\000\351\000t\000e\000l\000e}{subsection.0.2}% 6
\BOOKMARK [3][-]{subsubsection.0.2.2}{\376\377\000T\000e\000r\000m\000o\000d\000i\000n\000a\000m\000i\000k\000a\000i\000\040\000f\000o\000l\000y\000a\000m\000a\000t\000o\000k}{subsection.0.2}% 7
\BOOKMARK [3][-]{subsubsection.0.2.3}{\376\377\000A\000d\000i\000a\000b\000a\000t\000i\000k\000u\000s\000\040\000f\000o\000l\000y\000a\000m\000a\000t\000o\000k}{subsection.0.2}% 8
\BOOKMARK [3][-]{subsubsection.0.2.4}{\376\377\000P\000o\000l\000i\000t\000r\000o\000p\000\040\000f\000o\000l\000y\000a\000m\000a\000t\000o\000k}{subsection.0.2}% 9
\BOOKMARK [3][-]{subsubsection.0.2.5}{\376\377\000K\000\366\000r\000f\000o\000l\000y\000a\000m\000a\000t\000o\000k\000,\000\040\000i\000r\000r\000e\000v\000e\000r\000z\000i\000b\000i\000l\000i\000t\000\341\000s}{subsection.0.2}% 10
\BOOKMARK [3][-]{subsubsection.0.2.6}{\376\377\000E\000n\000t\000r\000\363\000p\000i\000a\000,\000\040\000F\001\121\000t\000\351\000t\000e\000l\000e\000k\000\040\000e\000g\000y\000e\000s\000\355\000t\000e\000t\000t\000\040\000a\000l\000a\000k\000j\000a}{subsection.0.2}% 11
\BOOKMARK [2][-]{subsection.0.3}{\376\377\000K\000\351\000m\000i\000a\000i\000\040\000P\000o\000t\000e\000n\000c\000i\000\341\000l}{}% 12
\BOOKMARK [2][-]{subsection.0.4}{\376\377\000T\000e\000r\000m\000o\000d\000i\000n\000a\000m\000i\000k\000a\000i\000\040\000p\000o\000t\000e\000n\000c\000i\000\341\000l\000o\000k}{}% 13
\BOOKMARK [2][-]{subsection.0.5}{\376\377\000F\000u\000n\000d\000a\000m\000e\000n\000t\000\341\000l\000i\000s\000\040\000e\000g\000y\000e\000n\000l\000e\000t}{}% 14
\BOOKMARK [3][-]{subsubsection.0.5.1}{\376\377\000\326\000s\000s\000z\000e\000t\000e\000t\000t\000\040\000r\000e\000n\000d\000s\000z\000e\000r\000e\000k\000\040\000e\000g\000y\000e\000n\000s\000\372\000l\000y\000i\000\040\000\341\000l\000l\000a\000p\000o\000t\000a}{subsection.0.5}% 15
\BOOKMARK [2][-]{subsection.0.6}{\376\377\000F\000\341\000z\000i\000s\000\341\000t\000a\000l\000a\000k\000u\000l\000\341\000s\000o\000k\000,\000\040\000F\000\341\000z\000i\000s\000\341\000t\000a\000l\000a\000k\000u\000l\000\341\000s\000o\000k\000\040\000j\000e\000l\000l\000e\000m\000z\001\121\000i\000,\000\040\000t\000\355\000p\000u\000s\000a\000i\000,\000\040\000G\000i\000b\000b\000s\000-\000f\000\351\000l\000e\000\040\000f\000\341\000z\000i\000s\000s\000z\000a\000b\000\341\000l\000y\000,\000\040\000f\000\341\000z\000i\000s\000d\000i\000a\000g\000r\000a\000m\000o\000k\000,\000\040\000f\000\341\000z\000i\000s\000e\000g\000y\000e\000n\000s\000\372\000l\000y\000o\000k}{}% 16
\BOOKMARK [3][-]{subsubsection.0.6.1}{\376\377\000E\000g\000y\000k\000o\000m\000p\000o\000n\000e\000n\000s\001\161\000\040\000r\000e\000n\000d\000s\000z\000e\000r\000e\000k\000\040\000e\000g\000y\000e\000n\000s\000\372\000l\000y\000i\000\040\000\341\000l\000l\000a\000p\000o\000t\000a}{subsection.0.6}% 17
\BOOKMARK [3][-]{subsubsection.0.6.2}{\376\377\000F\000\341\000z\000i\000s\000\341\000t\000a\000l\000a\000k\000u\000l\000\341\000s\000o\000k\000,\000\040\000f\000\341\000z\000i\000s\000d\000i\000a\000g\000r\000a\000m\000o\000k}{subsection.0.6}% 18
\BOOKMARK [3][-]{subsubsection.0.6.3}{\376\377\000f\000o\000l\000y\000t\000o\000n\000o\000s\000\040\000f\000\341\000z\000i\000s\000\341\000t\000a\000l\000a\000k\000u\000l\000\341\000s\000o\000k\000,\000\040\000G\000i\000b\000b\000s\000-\000f\000\351\000l\000e\000\040\000f\000\341\000z\000i\000s\000s\000z\000a\000b\000\341\000l\000y}{subsection.0.6}% 19
\BOOKMARK [2][-]{subsection.0.7}{\376\377\000T\000e\000r\000m\000o\000d\000i\000n\000a\000m\000i\000k\000a\000\040\000I\000I\000I\000.\000\040\000F\001\121\000t\000\351\000t\000e\000l\000e}{}% 20
