\BOOKMARK [2][-]{subsection.0.1}{\376\377\000B\000e\000v\000e\000z\000e\000t\000\351\000s}{}% 1
\BOOKMARK [3][-]{subsubsection.0.1.1}{\376\377\000a\000\040\000n\000\351\000g\000y\000\040\000f\000u\000n\000d\000a\000m\000e\000n\000t\000\341\000l\000i\000s\000\040\000e\000r\001\121}{subsection.0.1}% 2
\BOOKMARK [3][-]{subsubsection.0.1.2}{\376\377\000e\000l\000e\000k\000t\000r\000o\000d\000i\000n\000a\000m\000i\000k\000a\000\040\000\351\000s\000\040\000t\000\351\000r\000e\000l\000m\000\351\000l\000e\000t}{subsection.0.1}% 3
\BOOKMARK [3][-]{subsubsection.0.1.3}{\376\377\000A\000\040\000t\000\366\000l\000t\000\351\000s}{subsection.0.1}% 4
\BOOKMARK [2][-]{subsection.0.2}{\376\377\000C\000o\000u\000l\000o\000m\000b\000-\000\040\000\351\000s\000\040\000G\000a\000u\000s\000s\000-\000t\000\366\000r\000v\000\351\000n\000y\000,\000\040\000s\000z\000u\000p\000e\000r\000p\000o\000z\000\355\000c\000i\000\363\000\040\000e\000l\000v\000e}{}% 5
\BOOKMARK [3][-]{subsubsection.0.2.1}{\376\377\000s\000z\000u\000p\000e\000r\000p\000o\000z\000\355\000c\000i\000\363}{subsection.0.2}% 6
\BOOKMARK [3][-]{subsubsection.0.2.2}{\376\377\000G\000a\000u\000s\000s\000-\000t\000\366\000r\000v\000\351\000n\000y}{subsection.0.2}% 7
\BOOKMARK [3][-]{subsubsection.0.2.3}{\376\377\000E\000l\000e\000k\000t\000r\000o\000m\000o\000s\000\040\000t\000\351\000r\000\040\000r\000o\000t\000\341\000c\000i\000\363\000j\000a}{subsection.0.2}% 8
\BOOKMARK [3][-]{subsubsection.0.2.4}{\376\377\000E\000l\000e\000k\000t\000r\000o\000m\000o\000s\000\040\000p\000o\000t\000e\000n\000c\000i\000\341\000l}{subsection.0.2}% 9
\BOOKMARK [3][-]{subsubsection.0.2.5}{\376\377\000P\000o\000i\000s\000s\000o\000n\000\040\000\351\000s\000\040\000L\000a\000p\000l\000a\000c\000e\000\040\000e\000g\000y\000e\000n\000l\000e\000t\000e\000k}{subsection.0.2}% 10
\BOOKMARK [3][-]{subsubsection.0.2.6}{\376\377\000E\000l\000e\000k\000t\000r\000o\000m\000o\000s\000\040\000t\000\351\000r\000\040\000m\000u\000n\000k\000a\000v\000\351\000g\000z\000\351\000s\000e}{subsection.0.2}% 11
\BOOKMARK [2][-]{subsection.0.3}{\376\377\000V\000e\000z\000e\000t\001\121\000k\000,\000\040\000s\000z\000i\000g\000e\000t\000e\000l\001\121\000k\000,\000\040\000d\000i\000e\000l\000e\000k\000t\000r\000o\000m\000o\000s\000\040\000p\000o\000l\000a\000r\000i\000z\000\341\000c\000i\000\363\000.\000\040\000K\000o\000n\000d\000e\000n\000z\000\341\000t\000o\000r}{}% 12
\BOOKMARK [3][-]{subsubsection.0.3.1}{\376\377\000V\000e\000z\000e\000t\001\121\000k\000\040\000\351\000s\000\040\000s\000z\000i\000g\000e\000t\000e\000l\001\121\000k}{subsection.0.3}% 13
\BOOKMARK [3][-]{subsubsection.0.3.2}{\376\377\000K\000e\000l\000t\000e\000t\000t\000\040\000t\000\366\000l\000t\000\351\000s\000\040\000v\000e\000z\000e\000t\001\121\000k\000b\000e\000n}{subsection.0.3}% 14
\BOOKMARK [3][-]{subsubsection.0.3.3}{\376\377\000K\000o\000n\000d\000e\000n\000z\000\341\000t\000o\000r}{subsection.0.3}% 15
\BOOKMARK [3][-]{subsubsection.0.3.4}{\376\377\000D\000i\000e\000l\000e\000k\000t\000r\000o\000m\000o\000s\000\040\000p\000o\000l\000a\000r\000i\000z\000\341\000c\000i\000\363}{subsection.0.3}% 16
\BOOKMARK [3][-]{subsubsection.0.3.5}{\376\377\000P\000o\000l\000a\000r\000i\000z\000\341\000l\000t\000\040\000a\000n\000y\000a\000g\000\040\000e\000l\000e\000k\000t\000r\000o\000m\000o\000s\000\040\000t\000e\000r\000e}{subsection.0.3}% 17
\BOOKMARK [3][-]{subsubsection.0.3.6}{\376\377\000E\000l\000e\000k\000t\000r\000o\000m\000o\000s\000\040\000e\000l\000t\000o\000l\000\341\000s}{subsection.0.3}% 18
\BOOKMARK [3][-]{subsubsection.0.3.7}{\376\377\000L\000i\000n\000e\000\341\000r\000i\000s\000\040\000d\000i\000e\000l\000e\000k\000t\000r\000i\000k\000u\000m}{subsection.0.3}% 19
\BOOKMARK [3][-]{subsubsection.0.3.8}{\376\377\000K\000o\000n\000d\000e\000n\000z\000\341\000t\000o\000r\000\040\000d\000i\000e\000l\000e\000k\000t\000r\000i\000k\000u\000m\000m\000a\000l}{subsection.0.3}% 20
\BOOKMARK [2][-]{subsection.0.4}{\376\377\000M\000a\000g\000n\000e\000t\000o\000s\000z\000t\000a\000t\000i\000k\000a\000,\000\040\000L\000o\000r\000e\000n\000t\000z\000-\000e\000r\001\121}{}% 21
\BOOKMARK [3][-]{subsubsection.0.4.1}{\376\377\000\301\000r\000a\000m}{subsection.0.4}% 22
\BOOKMARK [2][-]{subsection.0.5}{\376\377\000S\000t\000a\000c\000i\000o\000n\000\341\000r\000i\000u\000s\000\040\000\341\000r\000a\000m\000,\000\040\000\341\000r\000a\000m\000k\000\366\000r\000i\000\040\000t\000\366\000r\000v\000\351\000n\000y\000e\000k\000:\000\040\000K\000i\000r\000c\000h\000h\000o\000f\000f\000-\000t\000\366\000r\000v\000\351\000n\000y\000e\000k\000,\000\040\000O\000h\000m\000-\000t\000\366\000r\000v\000\351\000n\000y}{}% 23
\BOOKMARK [3][-]{subsubsection.0.5.1}{\376\377\000S\000t\000a\000c\000i\000o\000n\000\341\000r\000i\000u\000s\000\040\000\341\000r\000a\000m}{subsection.0.5}% 24
\BOOKMARK [3][-]{subsubsection.0.5.2}{\376\377\000B\000i\000o\000t\000-\000S\000a\000v\000a\000r\000t\000\040\000T\000\366\000r\000v\000\351\000n\000y}{subsection.0.5}% 25
\BOOKMARK [3][-]{subsubsection.0.5.3}{\376\377\000O\000h\000m\000-\000t\000\366\000r\000v\000\351\000n\000y}{subsection.0.5}% 26
\BOOKMARK [3][-]{subsubsection.0.5.4}{\376\377\000O\000h\000m\000-\000t\000\366\000r\000v\000\351\000n\000y\000\040\000k\000l\000a\000s\000s\000z\000i\000k\000u\000s\000\040\000a\000l\000a\000k}{subsection.0.5}% 27
\BOOKMARK [3][-]{subsubsection.0.5.5}{\376\377\000E\000l\000e\000k\000t\000r\000o\000m\000o\000t\000o\000r\000o\000s\000\040\000e\000r\001\121}{subsection.0.5}% 28
\BOOKMARK [3][-]{subsubsection.0.5.6}{\376\377\000K\000i\000r\000c\000h\000h\000o\000f\000f\000\040\000T\000\366\000r\000v\000\351\000n\000y\000e\000k}{subsection.0.5}% 29
