\BOOKMARK [2][-]{subsection.0.1}{\376\377\000A\000\040\000k\000v\000a\000n\000t\000u\000m\000m\000e\000c\000h\000a\000n\000i\000k\000a\000\040\000m\000a\000t\000e\000m\000a\000t\000i\000k\000a\000i\000\040\000h\000\341\000t\000t\000e\000r\000e\000,\000\040\000k\000v\000a\000n\000t\000u\000m\000m\000e\000c\000h\000a\000n\000i\000k\000a\000i\000\040\000r\000e\000p\000r\000e\000z\000e\000n\000t\000\341\000c\000i\000\363\000k}{}% 1
\BOOKMARK [3][-]{subsubsection.0.1.1}{\376\377\000H\000i\000l\000b\000e\000r\000t\000-\000t\000\351\000r\000\040\000V\000e\000k\000t\000o\000r\000o\000k\000\040\000q\000u\000a\000n\000t\000u\000m\000p\000r\000i\000m\000e\000r}{subsection.0.1}% 2
\BOOKMARK [3][-]{subsubsection.0.1.2}{\376\377\000H\000i\000l\000b\000e\000r\000t\000\040\000t\000\351\000r\000\040\000o\000p\000e\000r\000\341\000t\000o\000r\000a\000i}{subsection.0.1}% 3
\BOOKMARK [3][-]{subsubsection.0.1.3}{\376\377\000D\000e\000t\000e\000r\000m\000i\000n\000i\000s\000z\000t\000i\000k\000u\000s\000\040\000\341\000l\000l\000a\000p\000o\000t\000o\000k}{subsection.0.1}% 4
\BOOKMARK [3][-]{subsubsection.0.1.4}{\376\377\000A\000\040\000h\000e\000r\000m\000i\000t\000i\000k\000u\000s\000\040\000o\000p\000e\000r\000\341\000t\000o\000r\000\040\000s\000a\000j\000\341\000t\000f\000\374\000g\000g\000v\000\351\000n\000y\000e\000i}{subsection.0.1}% 5
\BOOKMARK [3][-]{subsubsection.0.1.5}{\376\377\000B\000\341\000z\000i\000s\000o\000k\000\040\000a\000\040\000H\000i\000l\000b\000e\000r\000t\000\040\000t\000\351\000r\000e\000n}{subsection.0.1}% 6
\BOOKMARK [3][-]{subsubsection.0.1.6}{\376\377\000D\000i\000r\000a\000c\000\040\000J\000e\000l\000\366\000l\000\351\000s}{subsection.0.1}% 7
\BOOKMARK [2][-]{subsection.0.2}{\376\377\000S\000c\000h\000r\000\366\000d\000i\000n\000g\000e\000r\000-\000e\000g\000y\000e\000n\000l\000e\000t}{}% 8
\BOOKMARK [3][-]{subsubsection.0.2.1}{\376\377\000S\000c\000h\000r\000\366\000d\000i\000n\000g\000e\000r\000\040\000E\000g\000y\000e\000n\000l\000e\000t\000\040\000S\000z\000e\000p\000a\000r\000\341\000l\000\341\000s\000a}{subsection.0.2}% 9
\BOOKMARK [3][-]{subsubsection.0.2.2}{\376\377\000S\000c\000h\000r\000\366\000d\000i\000n\000g\000e\000r\000\040\000e\000g\000y\000e\000n\000l\000e\000t\000\040\000m\000e\000g\000o\000l\000d\000\341\000s\000a}{subsection.0.2}% 10
\BOOKMARK [2][-]{subsection.0.3}{\376\377\000S\000t\000a\000t\000i\000s\000z\000t\000i\000k\000u\000s\000\040\000i\000n\000t\000e\000r\000p\000r\000e\000t\000\341\000c\000i\000\363}{}% 11
\BOOKMARK [3][-]{subsubsection.0.3.1}{\376\377\000N\000o\000r\000m\000a\000l\000i\000z\000\341\000l\000\341\000s}{subsection.0.3}% 12
\BOOKMARK [3][-]{subsubsection.0.3.2}{\376\377\000\341\000l\000t\000a\000l\000\341\000n\000o\000s\000\355\000t\000o\000t\000t\000\040\000s\000t\000a\000t\000i\000s\000z\000t\000i\000k\000u\000s\000\040\000i\000n\000t\000e\000r\000p\000r\000e\000t\000\341\000c\000i\000\363}{subsection.0.3}% 13
\BOOKMARK [2][-]{subsection.0.4}{\376\377\000H\000a\000t\000\341\000r\000o\000z\000a\000t\000l\000a\000n\000s\000\341\000g\000i\000\040\000r\000e\000l\000\341\000c\000i\000\363}{}% 14
\BOOKMARK [3][-]{subsubsection.0.4.1}{\376\377\000M\000o\000m\000e\000n\000t\000u\000m\000\040\000o\000p\000e\000r\000\341\000t\000o\000r}{subsection.0.4}% 15
\BOOKMARK [3][-]{subsubsection.0.4.2}{\376\377\000H\000a\000t\000\341\000r\000o\000z\000a\000t\000l\000a\000n\000s\000\341\000g\000i\000\040\000r\000e\000l\000\341\000c\000i\000\363\000\040\000e\000l\000v\000e}{subsection.0.4}% 16
\BOOKMARK [3][-]{subsubsection.0.4.3}{\376\377\000\341\000l\000t\000a\000l\000\341\000n\000o\000s\000\355\000t\000o\000t\000t\000\040\000h\000a\000t\000\341\000r\000o\000z\000a\000t\000l\000a\000n\000s\000\341\000g\000i\000\040\000r\000e\000l\000\341\000c\000i\000\363}{subsection.0.4}% 17
\BOOKMARK [2][-]{subsection.0.5}{\376\377\000S\000z\000a\000b\000a\000d\000\040\000r\000\351\000s\000z\000e\000c\000s\000k\000e\000\040\000h\000u\000l\000l\000\341\000m\000f\000\374\000g\000g\000v\000\351\000n\000y\000e\000,\000\040\000s\000z\000u\000p\000e\000r\000p\000o\000z\000\355\000c\000i\000\363}{}% 18
\BOOKMARK [2][-]{subsection.0.6}{\376\377\000I\000m\000p\000u\000l\000z\000u\000s\000m\000o\000m\000e\000n\000t\000u\000m\000\040\000o\000p\000e\000r\000\341\000t\000o\000r\000,\000\040\000s\000a\000j\000\341\000t\000\351\000r\000t\000\351\000k\000e\000i\000,\000\040\000s\000a\000j\000\341\000t\000f\000\374\000g\000g\000v\000\351\000n\000y\000e\000i}{}% 19
\BOOKMARK [2][-]{subsection.0.7}{\376\377\000S\000p\000i\000n}{}% 20
\BOOKMARK [2][-]{subsection.0.8}{\376\377\000K\000o\000r\000r\000e\000s\000p\000o\000n\000d\000a\000n\000c\000i\000a\000e\000l\000v}{}% 21
\BOOKMARK [2][-]{subsection.0.9}{\376\377\000E\000h\000r\000n\000e\000s\000t\000-\000t\000\351\000t\000e\000l}{}% 22
